Archive member included to satisfy reference by file (symbol)

g:/arm_ide/gcc-arm-none-eabi-10-2020-q4-major/bin/../lib/gcc/arm-none-eabi/10.2.1/thumb/v6-m/nofp\libgcc.a(_udivsi3.o)
                              CMakeFiles/L072RBTx_Core.elf.dir/Core/Src/system_stm32l0xx.c.obj (__aeabi_uidiv)
g:/arm_ide/gcc-arm-none-eabi-10-2020-q4-major/bin/../lib/gcc/arm-none-eabi/10.2.1/thumb/v6-m/nofp\libgcc.a(_dvmd_tls.o)
                              g:/arm_ide/gcc-arm-none-eabi-10-2020-q4-major/bin/../lib/gcc/arm-none-eabi/10.2.1/thumb/v6-m/nofp\libgcc.a(_udivsi3.o) (__aeabi_idiv0)
g:/arm_ide/gcc-arm-none-eabi-10-2020-q4-major/bin/../lib/gcc/arm-none-eabi/10.2.1/thumb/v6-m/nofp\libgcc.a(_arm_cmpdf2.o)
                              CMakeFiles/L072RBTx_Core.elf.dir/Core/Src/battery.c.obj (__aeabi_dcmplt)
g:/arm_ide/gcc-arm-none-eabi-10-2020-q4-major/bin/../lib/gcc/arm-none-eabi/10.2.1/thumb/v6-m/nofp\libgcc.a(_aeabi_uldivmod.o)
                              CMakeFiles/L072RBTx_Core.elf.dir/Drivers/STM32L0xx_HAL_Driver/Src/stm32l0xx_hal_rcc.c.obj (__aeabi_uldivmod)
g:/arm_ide/gcc-arm-none-eabi-10-2020-q4-major/bin/../lib/gcc/arm-none-eabi/10.2.1/thumb/v6-m/nofp\libgcc.a(_muldi3.o)
                              CMakeFiles/L072RBTx_Core.elf.dir/Drivers/STM32L0xx_HAL_Driver/Src/stm32l0xx_hal_rcc.c.obj (__aeabi_lmul)
g:/arm_ide/gcc-arm-none-eabi-10-2020-q4-major/bin/../lib/gcc/arm-none-eabi/10.2.1/thumb/v6-m/nofp\libgcc.a(_fixunsdfsi.o)
                              CMakeFiles/L072RBTx_Core.elf.dir/Core/Src/GY30.c.obj (__aeabi_d2uiz)
g:/arm_ide/gcc-arm-none-eabi-10-2020-q4-major/bin/../lib/gcc/arm-none-eabi/10.2.1/thumb/v6-m/nofp\libgcc.a(_udivmoddi4.o)
                              g:/arm_ide/gcc-arm-none-eabi-10-2020-q4-major/bin/../lib/gcc/arm-none-eabi/10.2.1/thumb/v6-m/nofp\libgcc.a(_aeabi_uldivmod.o) (__udivmoddi4)
g:/arm_ide/gcc-arm-none-eabi-10-2020-q4-major/bin/../lib/gcc/arm-none-eabi/10.2.1/thumb/v6-m/nofp\libgcc.a(mulsf3.o)
                              CMakeFiles/L072RBTx_Core.elf.dir/Core/Src/battery.c.obj (__aeabi_fmul)
g:/arm_ide/gcc-arm-none-eabi-10-2020-q4-major/bin/../lib/gcc/arm-none-eabi/10.2.1/thumb/v6-m/nofp\libgcc.a(floatunsisf.o)
                              CMakeFiles/L072RBTx_Core.elf.dir/Core/Src/battery.c.obj (__aeabi_ui2f)
g:/arm_ide/gcc-arm-none-eabi-10-2020-q4-major/bin/../lib/gcc/arm-none-eabi/10.2.1/thumb/v6-m/nofp\libgcc.a(divdf3.o)
                              CMakeFiles/L072RBTx_Core.elf.dir/Core/Src/GY30.c.obj (__aeabi_ddiv)
g:/arm_ide/gcc-arm-none-eabi-10-2020-q4-major/bin/../lib/gcc/arm-none-eabi/10.2.1/thumb/v6-m/nofp\libgcc.a(eqdf2.o)
                              g:/arm_ide/gcc-arm-none-eabi-10-2020-q4-major/bin/../lib/gcc/arm-none-eabi/10.2.1/thumb/v6-m/nofp\libgcc.a(_arm_cmpdf2.o) (__eqdf2)
g:/arm_ide/gcc-arm-none-eabi-10-2020-q4-major/bin/../lib/gcc/arm-none-eabi/10.2.1/thumb/v6-m/nofp\libgcc.a(gedf2.o)
                              g:/arm_ide/gcc-arm-none-eabi-10-2020-q4-major/bin/../lib/gcc/arm-none-eabi/10.2.1/thumb/v6-m/nofp\libgcc.a(_arm_cmpdf2.o) (__gedf2)
g:/arm_ide/gcc-arm-none-eabi-10-2020-q4-major/bin/../lib/gcc/arm-none-eabi/10.2.1/thumb/v6-m/nofp\libgcc.a(ledf2.o)
                              g:/arm_ide/gcc-arm-none-eabi-10-2020-q4-major/bin/../lib/gcc/arm-none-eabi/10.2.1/thumb/v6-m/nofp\libgcc.a(_arm_cmpdf2.o) (__ledf2)
g:/arm_ide/gcc-arm-none-eabi-10-2020-q4-major/bin/../lib/gcc/arm-none-eabi/10.2.1/thumb/v6-m/nofp\libgcc.a(muldf3.o)
                              CMakeFiles/L072RBTx_Core.elf.dir/Core/Src/battery.c.obj (__aeabi_dmul)
g:/arm_ide/gcc-arm-none-eabi-10-2020-q4-major/bin/../lib/gcc/arm-none-eabi/10.2.1/thumb/v6-m/nofp\libgcc.a(subdf3.o)
                              g:/arm_ide/gcc-arm-none-eabi-10-2020-q4-major/bin/../lib/gcc/arm-none-eabi/10.2.1/thumb/v6-m/nofp\libgcc.a(_fixunsdfsi.o) (__aeabi_dsub)
g:/arm_ide/gcc-arm-none-eabi-10-2020-q4-major/bin/../lib/gcc/arm-none-eabi/10.2.1/thumb/v6-m/nofp\libgcc.a(fixdfsi.o)
                              g:/arm_ide/gcc-arm-none-eabi-10-2020-q4-major/bin/../lib/gcc/arm-none-eabi/10.2.1/thumb/v6-m/nofp\libgcc.a(_fixunsdfsi.o) (__aeabi_d2iz)
g:/arm_ide/gcc-arm-none-eabi-10-2020-q4-major/bin/../lib/gcc/arm-none-eabi/10.2.1/thumb/v6-m/nofp\libgcc.a(floatunsidf.o)
                              CMakeFiles/L072RBTx_Core.elf.dir/Core/Src/GY30.c.obj (__aeabi_ui2d)
g:/arm_ide/gcc-arm-none-eabi-10-2020-q4-major/bin/../lib/gcc/arm-none-eabi/10.2.1/thumb/v6-m/nofp\libgcc.a(extendsfdf2.o)
                              CMakeFiles/L072RBTx_Core.elf.dir/Core/Src/battery.c.obj (__aeabi_f2d)
g:/arm_ide/gcc-arm-none-eabi-10-2020-q4-major/bin/../lib/gcc/arm-none-eabi/10.2.1/thumb/v6-m/nofp\libgcc.a(truncdfsf2.o)
                              CMakeFiles/L072RBTx_Core.elf.dir/Core/Src/battery.c.obj (__aeabi_d2f)
g:/arm_ide/gcc-arm-none-eabi-10-2020-q4-major/bin/../lib/gcc/arm-none-eabi/10.2.1/thumb/v6-m/nofp\libgcc.a(_clzsi2.o)
[...]
Memory Configuration

Name             Origin             Length             Attributes
RAM              0x20000000         0x00005000         xrw
FLASH            0x08000000         0x00020000         xr
*default*        0x00000000         0xffffffff

Linker script and memory map

LOAD g:/arm_ide/gcc-arm-none-eabi-10-2020-q4-major/bin/../lib/gcc/arm-none-eabi/10.2.1/thumb/v6-m/nofp/crti.o
LOAD g:/arm_ide/gcc-arm-none-eabi-10-2020-q4-major/bin/../lib/gcc/arm-none-eabi/10.2.1/thumb/v6-m/nofp/crtbegin.o
LOAD g:/arm_ide/gcc-arm-none-eabi-10-2020-q4-major/bin/../lib/gcc/arm-none-eabi/10.2.1/../../../../arm-none-eabi/lib/thumb/v6-m/nofp/crt0.o
LOAD CMakeFiles/L072RBTx_Core.elf.dir/Core/Src/GY30.c.obj
LOAD CMakeFiles/L072RBTx_Core.elf.dir/Core/Src/adc.c.obj
LOAD CMakeFiles/L072RBTx_Core.elf.dir/Core/Src/battery.c.obj
LOAD CMakeFiles/L072RBTx_Core.elf.dir/Core/Src/delay.c.obj
LOAD CMakeFiles/L072RBTx_Core.elf.dir/Core/Src/dht11.c.obj
LOAD CMakeFiles/L072RBTx_Core.elf.dir/Core/Src/dma.c.obj
LOAD CMakeFiles/L072RBTx_Core.elf.dir/Core/Src/gpio.c.obj
LOAD CMakeFiles/L072RBTx_Core.elf.dir/Core/Src/i2c.c.obj
LOAD CMakeFiles/L072RBTx_Core.elf.dir/Core/Src/key.c.obj
LOAD CMakeFiles/L072RBTx_Core.elf.dir/Core/Src/lowpower.c.obj
LOAD CMakeFiles/L072RBTx_Core.elf.dir/Core/Src/main.c.obj
LOAD CMakeFiles/L072RBTx_Core.elf.dir/Core/Src/rtc.c.obj
LOAD CMakeFiles/L072RBTx_Core.elf.dir/Core/Src/stm32l0xx_hal_msp.c.obj
LOAD CMakeFiles/L072RBTx_Core.elf.dir/Core/Src/stm32l0xx_it.c.obj
LOAD CMakeFiles/L072RBTx_Core.elf.dir/Core/Src/syscalls.c.obj
LOAD CMakeFiles/L072RBTx_Core.elf.dir/Core/Src/system_stm32l0xx.c.obj
LOAD CMakeFiles/L072RBTx_Core.elf.dir/Core/Src/usart.c.obj
LOAD CMakeFiles/L072RBTx_Core.elf.dir/Core/Src/zigbee.c.obj
LOAD CMakeFiles/L072RBTx_Core.elf.dir/Drivers/STM32L0xx_HAL_Driver/Src/stm32l0xx_hal.c.obj
LOAD CMakeFiles/L072RBTx_Core.elf.dir/Drivers/STM32L0xx_HAL_Driver/Src/stm32l0xx_hal_adc.c.obj
LOAD CMakeFiles/L072RBTx_Core.elf.dir/Drivers/STM32L0xx_HAL_Driver/Src/stm32l0xx_hal_adc_ex.c.obj
LOAD CMakeFiles/L072RBTx_Core.elf.dir/Drivers/STM32L0xx_HAL_Driver/Src/stm32l0xx_hal_cortex.c.obj
LOAD CMakeFiles/L072RBTx_Core.elf.dir/Drivers/STM32L0xx_HAL_Driver/Src/stm32l0xx_hal_dma.c.obj
LOAD CMakeFiles/L072RBTx_Core.elf.dir/Drivers/STM32L0xx_HAL_Driver/Src/stm32l0xx_hal_exti.c.obj
LOAD CMakeFiles/L072RBTx_Core.elf.dir/Drivers/STM32L0xx_HAL_Driver/Src/stm32l0xx_hal_flash.c.obj
LOAD CMakeFiles/L072RBTx_Core.elf.dir/Drivers/STM32L0xx_HAL_Driver/Src/stm32l0xx_hal_flash_ex.c.obj
LOAD CMakeFiles/L072RBTx_Core.elf.dir/Drivers/STM32L0xx_HAL_Driver/Src/stm32l0xx_hal_flash_ramfunc.c.obj
LOAD CMakeFiles/L072RBTx_Core.elf.dir/Drivers/STM32L0xx_HAL_Driver/Src/stm32l0xx_hal_gpio.c.obj
LOAD CMakeFiles/L072RBTx_Core.elf.dir/Drivers/STM32L0xx_HAL_Driver/Src/stm32l0xx_hal_i2c.c.obj
LOAD CMakeFiles/L072RBTx_Core.elf.dir/Drivers/STM32L0xx_HAL_Driver/Src/stm32l0xx_hal_i2c_ex.c.obj
LOAD CMakeFiles/L072RBTx_Core.elf.dir/Drivers/STM32L0xx_HAL_Driver/Src/stm32l0xx_hal_pwr.c.obj
LOAD CMakeFiles/L072RBTx_Core.elf.dir/Drivers/STM32L0xx_HAL_Driver/Src/stm32l0xx_hal_pwr_ex.c.obj
LOAD CMakeFiles/L072RBTx_Core.elf.dir/Drivers/STM32L0xx_HAL_Driver/Src/stm32l0xx_hal_rcc.c.obj
LOAD CMakeFiles/L072RBTx_Core.elf.dir/Drivers/STM32L0xx_HAL_Driver/Src/stm32l0xx_hal_rcc_ex.c.obj
LOAD CMakeFiles/L072RBTx_Core.elf.dir/Drivers/STM32L0xx_HAL_Driver/Src/stm32l0xx_hal_rtc.c.obj
LOAD CMakeFiles/L072RBTx_Core.elf.dir/Drivers/STM32L0xx_HAL_Driver/Src/stm32l0xx_hal_rtc_ex.c.obj
LOAD CMakeFiles/L072RBTx_Core.elf.dir/Drivers/STM32L0xx_HAL_Driver/Src/stm32l0xx_hal_tim.c.obj
LOAD CMakeFiles/L072RBTx_Core.elf.dir/Drivers/STM32L0xx_HAL_Driver/Src/stm32l0xx_hal_tim_ex.c.obj
LOAD CMakeFiles/L072RBTx_Core.elf.dir/Drivers/STM32L0xx_HAL_Driver/Src/stm32l0xx_hal_uart.c.obj
LOAD CMakeFiles/L072RBTx_Core.elf.dir/Drivers/STM32L0xx_HAL_Driver/Src/stm32l0xx_hal_uart_ex.c.obj
LOAD CMakeFiles/L072RBTx_Core.elf.dir/startup/startup_stm32l072xx.s.obj
START GROUP
LOAD g:/arm_ide/gcc-arm-none-eabi-10-2020-q4-major/bin/../lib/gcc/arm-none-eabi/10.2.1/thumb/v6-m/nofp\libgcc.a
LOAD g:/arm_ide/gcc-arm-none-eabi-10-2020-q4-major/bin/../lib/gcc/arm-none-eabi/10.2.1/../../../../arm-none-eabi/lib/thumb/v6-m/nofp\libg.a
LOAD g:/arm_ide/gcc-arm-none-eabi-10-2020-q4-major/bin/../lib/gcc/arm-none-eabi/10.2.1/../../../../arm-none-eabi/lib/thumb/v6-m/nofp\libc.a
END GROUP
LOAD g:/arm_ide/gcc-arm-none-eabi-10-2020-q4-major/bin/../lib/gcc/arm-none-eabi/10.2.1/thumb/v6-m/nofp/crtend.o
LOAD g:/arm_ide/gcc-arm-none-eabi-10-2020-q4-major/bin/../lib/gcc/arm-none-eabi/10.2.1/thumb/v6-m/nofp/crtn.o
                0x20005000                _estack = 0x20005000
                0x00000200                _Min_Heap_Size = 0x200
                0x00000400                _Min_Stack_Size = 0x400

.isr_vector     0x08000000       0xc0
                0x08000000                . = ALIGN (0x4)
 *(.isr_vector)
 .isr_vector    0x08000000       0xc0 CMakeFiles/L072RBTx_Core.elf.dir/startup/startup_stm32l072xx.s.obj
                0x08000000                g_pfnVectors
                0x080000c0                . = ALIGN (0x4)

.text           0x080000c0     0xd4f0
                0x080000c0                . = ALIGN (0x4)
 *(.text)
 .text          0x080000c0       0x48 g:/arm_ide/gcc-arm-none-eabi-10-2020-q4-major/bin/../lib/gcc/arm-none-eabi/10.2.1/thumb/v6-m/nofp/crtbegin.o
 .text          0x08000108      0x114 g:/arm_ide/gcc-arm-none-eabi-10-2020-q4-major/bin/../lib/gcc/arm-none-eabi/10.2.1/thumb/v6-m/nofp\libgcc.a(_udivsi3.o)
                0x08000108                __aeabi_uidiv
                0x08000108                __udivsi3
                0x08000214                __aeabi_uidivmod
 .text          0x0800021c        0x4 g:/arm_ide/gcc-arm-none-eabi-10-2020-q4-major/bin/../lib/gcc/arm-none-eabi/10.2.1/thumb/v6-m/nofp\libgcc.a(_dvmd_tls.o)
                0x0800021c                __aeabi_idiv0
                0x0800021c                __aeabi_ldiv0
 .text          0x08000220       0x7c g:/arm_ide/gcc-arm-none-eabi-10-2020-q4-major/bin/../lib/gcc/arm-none-eabi/10.2.1/thumb/v6-m/nofp\libgcc.a(_arm_cmpdf2.o)
                0x08000220                __aeabi_cdrcmple
                0x08000230                __aeabi_cdcmple
                0x08000230                __aeabi_cdcmpeq
                0x08000240                __aeabi_dcmpeq
                0x0800024c                __aeabi_dcmplt
                0x08000260                __aeabi_dcmple
                0x08000274                __aeabi_dcmpgt
                0x08000288                __aeabi_dcmpge
 .text          0x0800029c       0x40 g:/arm_ide/gcc-arm-none-eabi-10-2020-q4-major/bin/../lib/gcc/arm-none-eabi/10.2.1/thumb/v6-m/nofp\libgcc.a(_aeabi_uldivmod.o)
                0x0800029c                __aeabi_uldivmod
 .text          0x080002dc       0x5c g:/arm_ide/gcc-arm-none-eabi-10-2020-q4-major/bin/../lib/gcc/arm-none-eabi/10.2.1/thumb/v6-m/nofp\libgcc.a(_muldi3.o)
                0x080002dc                __muldi3
                0x080002dc                __aeabi_lmul
 .text          0x08000338       0x3c g:/arm_ide/gcc-arm-none-eabi-10-2020-q4-major/bin/../lib/gcc/arm-none-eabi/10.2.1/thumb/v6-m/nofp\libgcc.a(_fixunsdfsi.o)
                0x08000338                __aeabi_d2uiz
                0x08000338                __fixunsdfsi
 .text          0x08000374      0x198 g:/arm_ide/gcc-arm-none-eabi-10-2020-q4-major/bin/../lib/gcc/arm-none-eabi/10.2.1/thumb/v6-m/nofp\libgcc.a(_udivmoddi4.o)
                0x08000374                __udivmoddi4
 .text          0x0800050c      0x24c g:/arm_ide/gcc-arm-none-eabi-10-2020-q4-major/bin/../lib/gcc/arm-none-eabi/10.2.1/thumb/v6-m/nofp\libgcc.a(mulsf3.o)
                0x0800050c                __aeabi_fmul
 .text          0x08000758       0x84 g:/arm_ide/gcc-arm-none-eabi-10-2020-q4-major/bin/../lib/gcc/arm-none-eabi/10.2.1/thumb/v6-m/nofp\libgcc.a(floatunsisf.o)
                0x08000758                __aeabi_ui2f
 .text          0x080007dc      0x5ec g:/arm_ide/gcc-arm-none-eabi-10-2020-q4-major/bin/../lib/gcc/arm-none-eabi/10.2.1/thumb/v6-m/nofp\libgcc.a(divdf3.o)
                0x080007dc                __aeabi_ddiv
 .text          0x08000dc8       0x84 g:/arm_ide/gcc-arm-none-eabi-10-2020-q4-major/bin/../lib/gcc/arm-none-eabi/10.2.1/thumb/v6-m/nofp\libgcc.a(eqdf2.o)
                0x08000dc8                __nedf2
                0x08000dc8                __eqdf2
 .text          0x08000e4c       0xcc g:/arm_ide/gcc-arm-none-eabi-10-2020-q4-major/bin/../lib/gcc/arm-none-eabi/10.2.1/thumb/v6-m/nofp\libgcc.a(gedf2.o)
                0x08000e4c                __gedf2
                0x08000e4c                __gtdf2
 .text          0x08000f18       0xc8 g:/arm_ide/gcc-arm-none-eabi-10-2020-q4-major/bin/../lib/gcc/arm-none-eabi/10.2.1/thumb/v6-m/nofp\libgcc.a(ledf2.o)
                0x08000f18                __ledf2
                0x08000f18                __ltdf2
 .text          0x08000fe0      0x4dc g:/arm_ide/gcc-arm-none-eabi-10-2020-q4-major/bin/../lib/gcc/arm-none-eabi/10.2.1/thumb/v6-m/nofp\libgcc.a(muldf3.o)
                0x08000fe0                __aeabi_dmul
 .text          0x080014bc      0x724 g:/arm_ide/gcc-arm-none-eabi-10-2020-q4-major/bin/../lib/gcc/arm-none-eabi/10.2.1/thumb/v6-m/nofp\libgcc.a(subdf3.o)
                0x080014bc                __aeabi_dsub
 .text          0x08001be0       0x6c g:/arm_ide/gcc-arm-none-eabi-10-2020-q4-major/bin/../lib/gcc/arm-none-eabi/10.2.1/thumb/v6-m/nofp\libgcc.a(fixdfsi.o)
                0x08001be0                __aeabi_d2iz
 .text          0x08001c4c       0x4c g:/arm_ide/gcc-arm-none-eabi-10-2020-q4-major/bin/../lib/gcc/arm-none-eabi/10.2.1/thumb/v6-m/nofp\libgcc.a(floatunsidf.o)
                0x08001c4c                __aeabi_ui2d
 .text          0x08001c98       0x90 g:/arm_ide/gcc-arm-none-eabi-10-2020-q4-major/bin/../lib/gcc/arm-none-eabi/10.2.1/thumb/v6-m/nofp\libgcc.a(extendsfdf2.o)
                0x08001c98                __aeabi_f2d
 .text          0x08001d28      0x110 g:/arm_ide/gcc-arm-none-eabi-10-2020-q4-major/bin/../lib/gcc/arm-none-eabi/10.2.1/thumb/v6-m/nofp\libgcc.a(truncdfsf2.o)
                0x08001d28                __aeabi_d2f
 .text          0x08001e38       0x3c g:/arm_ide/gcc-arm-none-eabi-10-2020-q4-major/bin/../lib/gcc/arm-none-eabi/10.2.1/thumb/v6-m/nofp\libgcc.a(_clzsi2.o)
                0x08001e38                __clzsi2
 .text          0x08001e74       0x18 g:/arm_ide/gcc-arm-none-eabi-10-2020-q4-major/bin/../lib/gcc/arm-none-eabi/10.2.1/thumb/v6-m/nofp\libgcc.a(_clzdi2.o)
                0x08001e74                __clzdi2
 .text          0x08001e8c      0x1d4 g:/arm_ide/gcc-arm-none-eabi-10-2020-q4-major/bin/../lib/gcc/arm-none-eabi/10.2.1/thumb/v6-m/nofp\libgcc.a(_divsi3.o)
                0x08001e8c                __divsi3
                0x08001e8c                __aeabi_idiv
                0x08002058                __aeabi_idivmod
 .text          0x08002060      0x678 g:/arm_ide/gcc-arm-none-eabi-10-2020-q4-major/bin/../lib/gcc/arm-none-eabi/10.2.1/thumb/v6-m/nofp\libgcc.a(adddf3.o)
                0x08002060                __aeabi_dadd
 .text          0x080026d8       0x3c g:/arm_ide/gcc-arm-none-eabi-10-2020-q4-major/bin/../lib/gcc/arm-none-eabi/10.2.1/thumb/v6-m/nofp\libgcc.a(unorddf2.o)
                0x080026d8                __aeabi_dcmpun
 .text          0x08002714       0x60 g:/arm_ide/gcc-arm-none-eabi-10-2020-q4-major/bin/../lib/gcc/arm-none-eabi/10.2.1/thumb/v6-m/nofp\libgcc.a(floatsidf.o)
                0x08002714                __aeabi_i2d
 *(.text*)
 .text.GY30_Init
                0x08002774       0x28 CMakeFiles/L072RBTx_Core.elf.dir/Core/Src/GY30.c.obj
                0x08002774                GY30_Init
 .text.GY30_Read
                0x0800279c       0x24 CMakeFiles/L072RBTx_Core.elf.dir/Core/Src/GY30.c.obj
                0x0800279c                GY30_Read
 .text.GY30_ReturnLight
                0x080027c0       0x2c CMakeFiles/L072RBTx_Core.elf.dir/Core/Src/GY30.c.obj
                0x080027c0                GY30_ReturnLight
 .text.MX_ADC_Init
                0x080027ec       0x88 CMakeFiles/L072RBTx_Core.elf.dir/Core/Src/adc.c.obj
                0x080027ec                MX_ADC_Init
 .text.HAL_ADC_MspInit
                0x08002874       0x90 CMakeFiles/L072RBTx_Core.elf.dir/Core/Src/adc.c.obj
                0x08002874                HAL_ADC_MspInit
 .text.BatteryLevel_Init
                0x08002904        0xc CMakeFiles/L072RBTx_Core.elf.dir/Core/Src/battery.c.obj
                0x08002904                BatteryLevel_Init
 .text.Read_BatteryLevel
                0x08002910       0x18 CMakeFiles/L072RBTx_Core.elf.dir/Core/Src/battery.c.obj
                0x08002910                Read_BatteryLevel
 .text.Return_BatteryLevel
                0x08002928       0x30 CMakeFiles/L072RBTx_Core.elf.dir/Core/Src/battery.c.obj
                0x08002928                Return_BatteryLevel
 .text.VoltTransformToPercentage
                0x08002958      0x46c CMakeFiles/L072RBTx_Core.elf.dir/Core/Src/battery.c.obj
                0x08002958                VoltTransformToPercentage
 .text.Delay_us
                0x08002dc4       0x28 CMakeFiles/L072RBTx_Core.elf.dir/Core/Src/delay.c.obj
                0x08002dc4                Delay_us
 .text.Delay_ms
                0x08002dec       0x34 CMakeFiles/L072RBTx_Core.elf.dir/Core/Src/delay.c.obj
                0x08002dec                Delay_ms
 .text.DHT11_Rst
                0x08002e20       0x2c CMakeFiles/L072RBTx_Core.elf.dir/Core/Src/dht11.c.obj
                0x08002e20                DHT11_Rst
 .text.DHT11_Check
                0x08002e4c       0x58 CMakeFiles/L072RBTx_Core.elf.dir/Core/Src/dht11.c.obj
                0x08002e4c                DHT11_Check
 .text.DHT11_Read_Bit
                0x08002ea4       0x58 CMakeFiles/L072RBTx_Core.elf.dir/Core/Src/dht11.c.obj
                0x08002ea4                DHT11_Read_Bit
 .text.DHT11_Read_Byte
                0x08002efc       0x1e CMakeFiles/L072RBTx_Core.elf.dir/Core/Src/dht11.c.obj
                0x08002efc                DHT11_Read_Byte
 .text.DHT11_Read_Data
                0x08002f1a       0x40 CMakeFiles/L072RBTx_Core.elf.dir/Core/Src/dht11.c.obj
                0x08002f1a                DHT11_Read_Data
 *fill*         0x08002f5a        0x2 
 .text.MX_DMA_Init
                0x08002f5c       0x50 CMakeFiles/L072RBTx_Core.elf.dir/Core/Src/dma.c.obj
                0x08002f5c                MX_DMA_Init
 .text.MX_GPIO_Init
                0x08002fac       0xd4 CMakeFiles/L072RBTx_Core.elf.dir/Core/Src/gpio.c.obj
                0x08002fac                MX_GPIO_Init
 .text.MX_I2C1_Init
                0x08003080       0x60 CMakeFiles/L072RBTx_Core.elf.dir/Core/Src/i2c.c.obj
                0x08003080                MX_I2C1_Init
 .text.HAL_I2C_MspInit
                0x080030e0       0x60 CMakeFiles/L072RBTx_Core.elf.dir/Core/Src/i2c.c.obj
                0x080030e0                HAL_I2C_MspInit
 .text.Stop_Mode
                0x08003140       0x18 CMakeFiles/L072RBTx_Core.elf.dir/Core/Src/lowpower.c.obj
                0x08003140                Stop_Mode
 .text.HAL_UART_RxCpltCallback
                0x08003158       0x98 CMakeFiles/L072RBTx_Core.elf.dir/Core/Src/main.c.obj
                0x08003158                HAL_UART_RxCpltCallback
 .text.Error_Handler
                0x080031f0        0x4 CMakeFiles/L072RBTx_Core.elf.dir/Core/Src/main.c.obj
                0x080031f0                Error_Handler
 .text.SystemClock_Config
                0x080031f4       0xb4 CMakeFiles/L072RBTx_Core.elf.dir/Core/Src/main.c.obj
                0x080031f4                SystemClock_Config
 .text.main     0x080032a8       0xe8 CMakeFiles/L072RBTx_Core.elf.dir/Core/Src/main.c.obj
                0x080032a8                main
 .text.MX_RTC_Init
                0x08003390       0x4c CMakeFiles/L072RBTx_Core.elf.dir/Core/Src/rtc.c.obj
                0x08003390                MX_RTC_Init
 .text.HAL_RTC_MspInit
                0x080033dc       0x34 CMakeFiles/L072RBTx_Core.elf.dir/Core/Src/rtc.c.obj
                0x080033dc                HAL_RTC_MspInit
 .text.HAL_MspInit
                0x08003410       0x1c CMakeFiles/L072RBTx_Core.elf.dir/Core/Src/stm32l0xx_hal_msp.c.obj
                0x08003410                HAL_MspInit
 .text.NMI_Handler
                0x0800342c        0x2 CMakeFiles/L072RBTx_Core.elf.dir/Core/Src/stm32l0xx_it.c.obj
                0x0800342c                NMI_Handler
 .text.HardFault_Handler
                0x0800342e        0x2 CMakeFiles/L072RBTx_Core.elf.dir/Core/Src/stm32l0xx_it.c.obj
                0x0800342e                HardFault_Handler
 .text.SVC_Handler
                0x08003430        0x2 CMakeFiles/L072RBTx_Core.elf.dir/Core/Src/stm32l0xx_it.c.obj
                0x08003430                SVC_Handler
 .text.PendSV_Handler
                0x08003432        0x2 CMakeFiles/L072RBTx_Core.elf.dir/Core/Src/stm32l0xx_it.c.obj
                0x08003432                PendSV_Handler
 .text.SysTick_Handler
                0x08003434        0x8 CMakeFiles/L072RBTx_Core.elf.dir/Core/Src/stm32l0xx_it.c.obj
                0x08003434                SysTick_Handler
 .text.RTC_IRQHandler
                0x0800343c       0x10 CMakeFiles/L072RBTx_Core.elf.dir/Core/Src/stm32l0xx_it.c.obj
                0x0800343c                RTC_IRQHandler
 .text.DMA1_Channel1_IRQHandler
                0x0800344c       0x10 CMakeFiles/L072RBTx_Core.elf.dir/Core/Src/stm32l0xx_it.c.obj
                0x0800344c                DMA1_Channel1_IRQHandler
 .text.DMA1_Channel2_3_IRQHandler
                0x0800345c       0x10 CMakeFiles/L072RBTx_Core.elf.dir/Core/Src/stm32l0xx_it.c.obj
                0x0800345c                DMA1_Channel2_3_IRQHandler
 .text.DMA1_Channel4_5_6_7_IRQHandler
                0x0800346c       0x10 CMakeFiles/L072RBTx_Core.elf.dir/Core/Src/stm32l0xx_it.c.obj
                0x0800346c                DMA1_Channel4_5_6_7_IRQHandler
 .text.USART4_5_IRQHandler
                0x0800347c       0x18 CMakeFiles/L072RBTx_Core.elf.dir/Core/Src/stm32l0xx_it.c.obj
                0x0800347c                USART4_5_IRQHandler
 .text._getpid  0x08003494        0x4 CMakeFiles/L072RBTx_Core.elf.dir/Core/Src/syscalls.c.obj
                0x08003494                _getpid
 .text._kill    0x08003498       0x10 CMakeFiles/L072RBTx_Core.elf.dir/Core/Src/syscalls.c.obj
                0x08003498                _kill
 .text._exit    0x080034a8        0xc CMakeFiles/L072RBTx_Core.elf.dir/Core/Src/syscalls.c.obj
                0x080034a8                _exit
 .text._read    0x080034b4       0x1c CMakeFiles/L072RBTx_Core.elf.dir/Core/Src/syscalls.c.obj
                0x080034b4                _read
 .text._write   0x080034d0       0x1c CMakeFiles/L072RBTx_Core.elf.dir/Core/Src/syscalls.c.obj
                0x080034d0                _write
 .text._sbrk    0x080034ec       0x3c CMakeFiles/L072RBTx_Core.elf.dir/Core/Src/syscalls.c.obj
                0x080034ec                _sbrk
 .text._close   0x08003528        0x6 CMakeFiles/L072RBTx_Core.elf.dir/Core/Src/syscalls.c.obj
                0x08003528                _close
 .text._fstat   0x0800352e        0xa CMakeFiles/L072RBTx_Core.elf.dir/Core/Src/syscalls.c.obj
                0x0800352e                _fstat
 .text._isatty  0x08003538        0x4 CMakeFiles/L072RBTx_Core.elf.dir/Core/Src/syscalls.c.obj
                0x08003538                _isatty
 .text._lseek   0x0800353c        0x4 CMakeFiles/L072RBTx_Core.elf.dir/Core/Src/syscalls.c.obj
                0x0800353c                _lseek
 .text.SystemInit
                0x08003540        0x2 CMakeFiles/L072RBTx_Core.elf.dir/Core/Src/system_stm32l0xx.c.obj
                0x08003540                SystemInit
 *fill*         0x08003542        0x2 
 .text.MX_USART1_UART_Init
                0x08003544       0x3c CMakeFiles/L072RBTx_Core.elf.dir/Core/Src/usart.c.obj
                0x08003544                MX_USART1_UART_Init
 .text.MX_USART4_UART_Init
                0x08003580       0x3c CMakeFiles/L072RBTx_Core.elf.dir/Core/Src/usart.c.obj
                0x08003580                MX_USART4_UART_Init
 .text.MX_USART5_UART_Init
                0x080035bc       0x3c CMakeFiles/L072RBTx_Core.elf.dir/Core/Src/usart.c.obj
                0x080035bc                MX_USART5_UART_Init
 .text.HAL_UART_MspInit
                0x080035f8      0x1a8 CMakeFiles/L072RBTx_Core.elf.dir/Core/Src/usart.c.obj
                0x080035f8                HAL_UART_MspInit
 .text.E18_Generate_CheckCode
                0x080037a0       0x1a CMakeFiles/L072RBTx_Core.elf.dir/Core/Src/zigbee.c.obj
                0x080037a0                E18_Generate_CheckCode
 *fill*         0x080037ba        0x2 
 .text.ZigBee_Send_Data_length
                0x080037bc       0x2c CMakeFiles/L072RBTx_Core.elf.dir/Core/Src/zigbee.c.obj
                0x080037bc                ZigBee_Send_Data_length
 .text.E18_Open_Network
                0x080037e8       0xbc CMakeFiles/L072RBTx_Core.elf.dir/Core/Src/zigbee.c.obj
                0x080037e8                E18_Open_Network
 .text.E18_Reset
                0x080038a4       0xbc CMakeFiles/L072RBTx_Core.elf.dir/Core/Src/zigbee.c.obj
                0x080038a4                E18_Reset
 .text.E18_Read_InitialState
                0x08003960       0xd8 CMakeFiles/L072RBTx_Core.elf.dir/Core/Src/zigbee.c.obj
                0x08003960                E18_Read_InitialState
 .text.E18_Recovery
                0x08003a38       0xc0 CMakeFiles/L072RBTx_Core.elf.dir/Core/Src/zigbee.c.obj
                0x08003a38                E18_Recovery
 .text.E18_Read_status
                0x08003af8      0x150 CMakeFiles/L072RBTx_Core.elf.dir/Core/Src/zigbee.c.obj
                0x08003af8                E18_Read_status
 .text.E18_Read_SerialPortMode
                0x08003c48       0xcc CMakeFiles/L072RBTx_Core.elf.dir/Core/Src/zigbee.c.obj
                0x08003c48                E18_Read_SerialPortMode
 .text.E18_Set_DevType
                0x08003d14       0xe4 CMakeFiles/L072RBTx_Core.elf.dir/Core/Src/zigbee.c.obj
                0x08003d14                E18_Set_DevType
 .text.E18_Set_Group
                0x08003df8       0xc4 CMakeFiles/L072RBTx_Core.elf.dir/Core/Src/zigbee.c.obj
                0x08003df8                E18_Set_Group
 .text.E18_Set_Target_ShortAddress
                0x08003ebc       0xc0 CMakeFiles/L072RBTx_Core.elf.dir/Core/Src/zigbee.c.obj
                0x08003ebc                E18_Set_Target_ShortAddress
 .text.E18_Set_Target_Port
                0x08003f7c       0xbc CMakeFiles/L072RBTx_Core.elf.dir/Core/Src/zigbee.c.obj
                0x08003f7c                E18_Set_Target_Port
 .text.E18_Set_TransparentMode
                0x08004038       0xc0 CMakeFiles/L072RBTx_Core.elf.dir/Core/Src/zigbee.c.obj
                0x08004038                E18_Set_TransparentMode
 .text.E18_Set_LowPower
                0x080040f8       0xbc CMakeFiles/L072RBTx_Core.elf.dir/Core/Src/zigbee.c.obj
                0x080040f8                E18_Set_LowPower
 .text.E18_Set_Power
                0x080041b4       0xc0 CMakeFiles/L072RBTx_Core.elf.dir/Core/Src/zigbee.c.obj
                0x080041b4                E18_Set_Power
 .text.E18_Set_CommandMode
                0x08004274       0x30 CMakeFiles/L072RBTx_Core.elf.dir/Core/Src/zigbee.c.obj
                0x08004274                E18_Set_CommandMode
 .text.E18_HARDWARE_Init
                0x080042a4      0x108 CMakeFiles/L072RBTx_Core.elf.dir/Core/Src/zigbee.c.obj
                0x080042a4                E18_HARDWARE_Init
 .text.E18_OrganizationalData
                0x080043ac       0xa8 CMakeFiles/L072RBTx_Core.elf.dir/Core/Src/zigbee.c.obj
                0x080043ac                E18_OrganizationalData
 .text.E18_CheckNodeControlCMD
                0x08004454       0xd8 CMakeFiles/L072RBTx_Core.elf.dir/Core/Src/zigbee.c.obj
                0x08004454                E18_CheckNodeControlCMD
 .text.HAL_InitTick
                0x0800452c       0x50 CMakeFiles/L072RBTx_Core.elf.dir/Drivers/STM32L0xx_HAL_Driver/Src/stm32l0xx_hal.c.obj
                0x0800452c                HAL_InitTick
 .text.HAL_Init
                0x0800457c       0x28 CMakeFiles/L072RBTx_Core.elf.dir/Drivers/STM32L0xx_HAL_Driver/Src/stm32l0xx_hal.c.obj
                0x0800457c                HAL_Init
 .text.HAL_IncTick
                0x080045a4       0x18 CMakeFiles/L072RBTx_Core.elf.dir/Drivers/STM32L0xx_HAL_Driver/Src/stm32l0xx_hal.c.obj
                0x080045a4                HAL_IncTick
 .text.HAL_GetTick
                0x080045bc        0xc CMakeFiles/L072RBTx_Core.elf.dir/Drivers/STM32L0xx_HAL_Driver/Src/stm32l0xx_hal.c.obj
                0x080045bc                HAL_GetTick
 .text.HAL_SuspendTick
                0x080045c8       0x10 CMakeFiles/L072RBTx_Core.elf.dir/Drivers/STM32L0xx_HAL_Driver/Src/stm32l0xx_hal.c.obj
                0x080045c8                HAL_SuspendTick
 .text.HAL_ResumeTick
                0x080045d8       0x10 CMakeFiles/L072RBTx_Core.elf.dir/Drivers/STM32L0xx_HAL_Driver/Src/stm32l0xx_hal.c.obj
                0x080045d8                HAL_ResumeTick
 .text.ADC_DelayMicroSecond
                0x080045e8       0x30 CMakeFiles/L072RBTx_Core.elf.dir/Drivers/STM32L0xx_HAL_Driver/Src/stm32l0xx_hal_adc.c.obj
 .text.ADC_Enable
                0x08004618       0x80 CMakeFiles/L072RBTx_Core.elf.dir/Drivers/STM32L0xx_HAL_Driver/Src/stm32l0xx_hal_adc.c.obj
 .text.HAL_ADC_Init
                0x08004698      0x1ec CMakeFiles/L072RBTx_Core.elf.dir/Drivers/STM32L0xx_HAL_Driver/Src/stm32l0xx_hal_adc.c.obj
                0x08004698                HAL_ADC_Init
 .text.HAL_ADC_Start_DMA
                0x08004884       0xa4 CMakeFiles/L072RBTx_Core.elf.dir/Drivers/STM32L0xx_HAL_Driver/Src/stm32l0xx_hal_adc.c.obj
                0x08004884                HAL_ADC_Start_DMA
 .text.HAL_ADC_ConvCpltCallback
                0x08004928        0x2 CMakeFiles/L072RBTx_Core.elf.dir/Drivers/STM32L0xx_HAL_Driver/Src/stm32l0xx_hal_adc.c.obj
                0x08004928                HAL_ADC_ConvCpltCallback
 *fill*         0x0800492a        0x2 
 .text.ADC_DMAConvCplt
                0x0800492c       0x74 CMakeFiles/L072RBTx_Core.elf.dir/Drivers/STM32L0xx_HAL_Driver/Src/stm32l0xx_hal_adc.c.obj
 .text.HAL_ADC_ConvHalfCpltCallback
                0x080049a0        0x2 CMakeFiles/L072RBTx_Core.elf.dir/Drivers/STM32L0xx_HAL_Driver/Src/stm32l0xx_hal_adc.c.obj
                0x080049a0                HAL_ADC_ConvHalfCpltCallback
 .text.ADC_DMAHalfConvCplt
                0x080049a2        0xa CMakeFiles/L072RBTx_Core.elf.dir/Drivers/STM32L0xx_HAL_Driver/Src/stm32l0xx_hal_adc.c.obj
 .text.HAL_ADC_ErrorCallback
                0x080049ac        0x2 CMakeFiles/L072RBTx_Core.elf.dir/Drivers/STM32L0xx_HAL_Driver/Src/stm32l0xx_hal_adc.c.obj
                0x080049ac                HAL_ADC_ErrorCallback
 .text.ADC_DMAError
                0x080049ae       0x1a CMakeFiles/L072RBTx_Core.elf.dir/Drivers/STM32L0xx_HAL_Driver/Src/stm32l0xx_hal_adc.c.obj
 .text.HAL_ADC_ConfigChannel
                0x080049c8       0xbc CMakeFiles/L072RBTx_Core.elf.dir/Drivers/STM32L0xx_HAL_Driver/Src/stm32l0xx_hal_adc.c.obj
                0x080049c8                HAL_ADC_ConfigChannel
 .text.HAL_NVIC_SetPriority
                0x08004a84       0x60 CMakeFiles/L072RBTx_Core.elf.dir/Drivers/STM32L0xx_HAL_Driver/Src/stm32l0xx_hal_cortex.c.obj
                0x08004a84                HAL_NVIC_SetPriority
 .text.HAL_NVIC_EnableIRQ
                0x08004ae4       0x18 CMakeFiles/L072RBTx_Core.elf.dir/Drivers/STM32L0xx_HAL_Driver/Src/stm32l0xx_hal_cortex.c.obj
                0x08004ae4                HAL_NVIC_EnableIRQ
 .text.HAL_SYSTICK_Config
                0x08004afc       0x38 CMakeFiles/L072RBTx_Core.elf.dir/Drivers/STM32L0xx_HAL_Driver/Src/stm32l0xx_hal_cortex.c.obj
                0x08004afc                HAL_SYSTICK_Config
 .text.DMA_SetConfig
                0x08004b34       0x2e CMakeFiles/L072RBTx_Core.elf.dir/Drivers/STM32L0xx_HAL_Driver/Src/stm32l0xx_hal_dma.c.obj
 *fill*         0x08004b62        0x2 
 .text.HAL_DMA_Init
                0x08004b64       0x98 CMakeFiles/L072RBTx_Core.elf.dir/Drivers/STM32L0xx_HAL_Driver/Src/stm32l0xx_hal_dma.c.obj
                0x08004b64                HAL_DMA_Init
 .text.HAL_DMA_Start_IT
                0x08004bfc       0x76 CMakeFiles/L072RBTx_Core.elf.dir/Drivers/STM32L0xx_HAL_Driver/Src/stm32l0xx_hal_dma.c.obj
                0x08004bfc                HAL_DMA_Start_IT
 .text.HAL_DMA_Abort
                0x08004c72       0x48 CMakeFiles/L072RBTx_Core.elf.dir/Drivers/STM32L0xx_HAL_Driver/Src/stm32l0xx_hal_dma.c.obj
                0x08004c72                HAL_DMA_Abort
 .text.HAL_DMA_Abort_IT
                0x08004cba       0x4e CMakeFiles/L072RBTx_Core.elf.dir/Drivers/STM32L0xx_HAL_Driver/Src/stm32l0xx_hal_dma.c.obj
                0x08004cba                HAL_DMA_Abort_IT
 .text.HAL_DMA_IRQHandler
                0x08004d08       0xba CMakeFiles/L072RBTx_Core.elf.dir/Drivers/STM32L0xx_HAL_Driver/Src/stm32l0xx_hal_dma.c.obj
                0x08004d08                HAL_DMA_IRQHandler
 *fill*         0x08004dc2        0x2 
 .text.HAL_GPIO_Init
                0x08004dc4      0x19c CMakeFiles/L072RBTx_Core.elf.dir/Drivers/STM32L0xx_HAL_Driver/Src/stm32l0xx_hal_gpio.c.obj
                0x08004dc4                HAL_GPIO_Init
 .text.HAL_GPIO_ReadPin
                0x08004f60        0xe CMakeFiles/L072RBTx_Core.elf.dir/Drivers/STM32L0xx_HAL_Driver/Src/stm32l0xx_hal_gpio.c.obj
                0x08004f60                HAL_GPIO_ReadPin
 .text.HAL_GPIO_WritePin
                0x08004f6e        0xc CMakeFiles/L072RBTx_Core.elf.dir/Drivers/STM32L0xx_HAL_Driver/Src/stm32l0xx_hal_gpio.c.obj
                0x08004f6e                HAL_GPIO_WritePin
 .text.HAL_GPIO_TogglePin
                0x08004f7a       0x10 CMakeFiles/L072RBTx_Core.elf.dir/Drivers/STM32L0xx_HAL_Driver/Src/stm32l0xx_hal_gpio.c.obj
                0x08004f7a                HAL_GPIO_TogglePin
 .text.I2C_Flush_TXDR
                0x08004f8a       0x1e CMakeFiles/L072RBTx_Core.elf.dir/Drivers/STM32L0xx_HAL_Driver/Src/stm32l0xx_hal_i2c.c.obj
 .text.I2C_TransferConfig
                0x08004fa8       0x30 CMakeFiles/L072RBTx_Core.elf.dir/Drivers/STM32L0xx_HAL_Driver/Src/stm32l0xx_hal_i2c.c.obj
 .text.I2C_IsErrorOccurred
                0x08004fd8      0x118 CMakeFiles/L072RBTx_Core.elf.dir/Drivers/STM32L0xx_HAL_Driver/Src/stm32l0xx_hal_i2c.c.obj
 .text.I2C_WaitOnTXISFlagUntilTimeout
                0x080050f0       0x5a CMakeFiles/L072RBTx_Core.elf.dir/Drivers/STM32L0xx_HAL_Driver/Src/stm32l0xx_hal_i2c.c.obj
 .text.I2C_WaitOnFlagUntilTimeout
                0x0800514a       0x70 CMakeFiles/L072RBTx_Core.elf.dir/Drivers/STM32L0xx_HAL_Driver/Src/stm32l0xx_hal_i2c.c.obj
 .text.I2C_WaitOnSTOPFlagUntilTimeout
                0x080051ba       0x5a CMakeFiles/L072RBTx_Core.elf.dir/Drivers/STM32L0xx_HAL_Driver/Src/stm32l0xx_hal_i2c.c.obj
 .text.I2C_WaitOnRXNEFlagUntilTimeout
                0x08005214       0xa4 CMakeFiles/L072RBTx_Core.elf.dir/Drivers/STM32L0xx_HAL_Driver/Src/stm32l0xx_hal_i2c.c.obj
 .text.HAL_I2C_Init
                0x080052b8       0xcc CMakeFiles/L072RBTx_Core.elf.dir/Drivers/STM32L0xx_HAL_Driver/Src/stm32l0xx_hal_i2c.c.obj
                0x080052b8                HAL_I2C_Init
 .text.HAL_I2C_Master_Transmit
                0x08005384      0x174 CMakeFiles/L072RBTx_Core.elf.dir/Drivers/STM32L0xx_HAL_Driver/Src/stm32l0xx_hal_i2c.c.obj
                0x08005384                HAL_I2C_Master_Transmit
 .text.HAL_I2C_Master_Receive
                0x080054f8      0x174 CMakeFiles/L072RBTx_Core.elf.dir/Drivers/STM32L0xx_HAL_Driver/Src/stm32l0xx_hal_i2c.c.obj
                0x080054f8                HAL_I2C_Master_Receive
 .text.HAL_I2CEx_ConfigAnalogFilter
                0x0800566c       0x58 CMakeFiles/L072RBTx_Core.elf.dir/Drivers/STM32L0xx_HAL_Driver/Src/stm32l0xx_hal_i2c_ex.c.obj
                0x0800566c                HAL_I2CEx_ConfigAnalogFilter
 .text.HAL_I2CEx_ConfigDigitalFilter
                0x080056c4       0x54 CMakeFiles/L072RBTx_Core.elf.dir/Drivers/STM32L0xx_HAL_Driver/Src/stm32l0xx_hal_i2c_ex.c.obj
                0x080056c4                HAL_I2CEx_ConfigDigitalFilter
 .text.HAL_PWR_EnterSTOPMode
                0x08005718       0x80 CMakeFiles/L072RBTx_Core.elf.dir/Drivers/STM32L0xx_HAL_Driver/Src/stm32l0xx_hal_pwr.c.obj
                0x08005718                HAL_PWR_EnterSTOPMode
 .text.HAL_RCC_GetSysClockFreq
                0x08005798       0xb0 CMakeFiles/L072RBTx_Core.elf.dir/Drivers/STM32L0xx_HAL_Driver/Src/stm32l0xx_hal_rcc.c.obj
                0x08005798                HAL_RCC_GetSysClockFreq
 .text.HAL_RCC_OscConfig
                0x08005848      0x598 CMakeFiles/L072RBTx_Core.elf.dir/Drivers/STM32L0xx_HAL_Driver/Src/stm32l0xx_hal_rcc.c.obj
                0x08005848                HAL_RCC_OscConfig
 .text.HAL_RCC_ClockConfig
                0x08005de0      0x1d8 CMakeFiles/L072RBTx_Core.elf.dir/Drivers/STM32L0xx_HAL_Driver/Src/stm32l0xx_hal_rcc.c.obj
                0x08005de0                HAL_RCC_ClockConfig
 .text.HAL_RCC_GetHCLKFreq
                0x08005fb8        0xc CMakeFiles/L072RBTx_Core.elf.dir/Drivers/STM32L0xx_HAL_Driver/Src/stm32l0xx_hal_rcc.c.obj
                0x08005fb8                HAL_RCC_GetHCLKFreq
 .text.HAL_RCC_GetPCLK1Freq
                0x08005fc4       0x20 CMakeFiles/L072RBTx_Core.elf.dir/Drivers/STM32L0xx_HAL_Driver/Src/stm32l0xx_hal_rcc.c.obj
                0x08005fc4                HAL_RCC_GetPCLK1Freq
 .text.HAL_RCC_GetPCLK2Freq
                0x08005fe4       0x20 CMakeFiles/L072RBTx_Core.elf.dir/Drivers/STM32L0xx_HAL_Driver/Src/stm32l0xx_hal_rcc.c.obj
                0x08005fe4                HAL_RCC_GetPCLK2Freq
 .text.HAL_RCCEx_PeriphCLKConfig
                0x08006004      0x1f4 CMakeFiles/L072RBTx_Core.elf.dir/Drivers/STM32L0xx_HAL_Driver/Src/stm32l0xx_hal_rcc_ex.c.obj
                0x08006004                HAL_RCCEx_PeriphCLKConfig
 .text.HAL_RTC_WaitForSynchro
                0x080061f8       0x34 CMakeFiles/L072RBTx_Core.elf.dir/Drivers/STM32L0xx_HAL_Driver/Src/stm32l0xx_hal_rtc.c.obj
                0x080061f8                HAL_RTC_WaitForSynchro
 .text.RTC_EnterInitMode
                0x0800622c       0x46 CMakeFiles/L072RBTx_Core.elf.dir/Drivers/STM32L0xx_HAL_Driver/Src/stm32l0xx_hal_rtc.c.obj
                0x0800622c                RTC_EnterInitMode
 .text.RTC_ExitInitMode
                0x08006272       0x2c CMakeFiles/L072RBTx_Core.elf.dir/Drivers/STM32L0xx_HAL_Driver/Src/stm32l0xx_hal_rtc.c.obj
                0x08006272                RTC_ExitInitMode
 *fill*         0x0800629e        0x2 
 .text.HAL_RTC_Init
                0x080062a0       0xac CMakeFiles/L072RBTx_Core.elf.dir/Drivers/STM32L0xx_HAL_Driver/Src/stm32l0xx_hal_rtc.c.obj
                0x080062a0                HAL_RTC_Init
 .text.HAL_RTCEx_SetWakeUpTimer_IT
                0x0800634c      0x120 CMakeFiles/L072RBTx_Core.elf.dir/Drivers/STM32L0xx_HAL_Driver/Src/stm32l0xx_hal_rtc_ex.c.obj
                0x0800634c                HAL_RTCEx_SetWakeUpTimer_IT
 .text.HAL_RTCEx_WakeUpTimerEventCallback
                0x0800646c        0x2 CMakeFiles/L072RBTx_Core.elf.dir/Drivers/STM32L0xx_HAL_Driver/Src/stm32l0xx_hal_rtc_ex.c.obj
                0x0800646c                HAL_RTCEx_WakeUpTimerEventCallback
 *fill*         0x0800646e        0x2 
 .text.HAL_RTCEx_WakeUpTimerIRQHandler
                0x08006470       0x3c CMakeFiles/L072RBTx_Core.elf.dir/Drivers/STM32L0xx_HAL_Driver/Src/stm32l0xx_hal_rtc_ex.c.obj
                0x08006470                HAL_RTCEx_WakeUpTimerIRQHandler
 .text.UART_EndRxTransfer
                0x080064ac       0x60 CMakeFiles/L072RBTx_Core.elf.dir/Drivers/STM32L0xx_HAL_Driver/Src/stm32l0xx_hal_uart.c.obj
 .text.HAL_UART_TxCpltCallback
                0x0800650c        0x2 CMakeFiles/L072RBTx_Core.elf.dir/Drivers/STM32L0xx_HAL_Driver/Src/stm32l0xx_hal_uart.c.obj
                0x0800650c                HAL_UART_TxCpltCallback
 .text.UART_EndTransmit_IT
                0x0800650e       0x28 CMakeFiles/L072RBTx_Core.elf.dir/Drivers/STM32L0xx_HAL_Driver/Src/stm32l0xx_hal_uart.c.obj
 .text.HAL_UART_ErrorCallback
                0x08006536        0x2 CMakeFiles/L072RBTx_Core.elf.dir/Drivers/STM32L0xx_HAL_Driver/Src/stm32l0xx_hal_uart.c.obj
                0x08006536                HAL_UART_ErrorCallback
 .text.UART_DMAAbortOnError
                0x08006538       0x14 CMakeFiles/L072RBTx_Core.elf.dir/Drivers/STM32L0xx_HAL_Driver/Src/stm32l0xx_hal_uart.c.obj
 .text.HAL_UARTEx_RxEventCallback
                0x0800654c        0x2 CMakeFiles/L072RBTx_Core.elf.dir/Drivers/STM32L0xx_HAL_Driver/Src/stm32l0xx_hal_uart.c.obj
                0x0800654c                HAL_UARTEx_RxEventCallback
 *fill*         0x0800654e        0x2 
 .text.HAL_UART_IRQHandler
                0x08006550      0x2dc CMakeFiles/L072RBTx_Core.elf.dir/Drivers/STM32L0xx_HAL_Driver/Src/stm32l0xx_hal_uart.c.obj
                0x08006550                HAL_UART_IRQHandler
 .text.UART_RxISR_8BIT
                0x0800682c       0xe4 CMakeFiles/L072RBTx_Core.elf.dir/Drivers/STM32L0xx_HAL_Driver/Src/stm32l0xx_hal_uart.c.obj
 .text.UART_RxISR_16BIT
                0x08006910       0xe4 CMakeFiles/L072RBTx_Core.elf.dir/Drivers/STM32L0xx_HAL_Driver/Src/stm32l0xx_hal_uart.c.obj
 .text.UART_SetConfig
                0x080069f4      0x2bc CMakeFiles/L072RBTx_Core.elf.dir/Drivers/STM32L0xx_HAL_Driver/Src/stm32l0xx_hal_uart.c.obj
                0x080069f4                UART_SetConfig
 .text.UART_AdvFeatureConfig
                0x08006cb0       0xe0 CMakeFiles/L072RBTx_Core.elf.dir/Drivers/STM32L0xx_HAL_Driver/Src/stm32l0xx_hal_uart.c.obj
                0x08006cb0                UART_AdvFeatureConfig
 .text.UART_WaitOnFlagUntilTimeout
                0x08006d90       0x96 CMakeFiles/L072RBTx_Core.elf.dir/Drivers/STM32L0xx_HAL_Driver/Src/stm32l0xx_hal_uart.c.obj
                0x08006d90                UART_WaitOnFlagUntilTimeout
 .text.HAL_UART_Transmit
                0x08006e26       0xf2 CMakeFiles/L072RBTx_Core.elf.dir/Drivers/STM32L0xx_HAL_Driver/Src/stm32l0xx_hal_uart.c.obj
                0x08006e26                HAL_UART_Transmit
 .text.UART_CheckIdleState
                0x08006f18       0xd0 CMakeFiles/L072RBTx_Core.elf.dir/Drivers/STM32L0xx_HAL_Driver/Src/stm32l0xx_hal_uart.c.obj
                0x08006f18                UART_CheckIdleState
 .text.HAL_UART_Init
                0x08006fe8       0x6c CMakeFiles/L072RBTx_Core.elf.dir/Drivers/STM32L0xx_HAL_Driver/Src/stm32l0xx_hal_uart.c.obj
                0x08006fe8                HAL_UART_Init
 .text.UART_Start_Receive_IT
                0x08007054       0xf4 CMakeFiles/L072RBTx_Core.elf.dir/Drivers/STM32L0xx_HAL_Driver/Src/stm32l0xx_hal_uart.c.obj
                0x08007054                UART_Start_Receive_IT
 .text.HAL_UART_Receive_IT
                0x08007148       0x6c CMakeFiles/L072RBTx_Core.elf.dir/Drivers/STM32L0xx_HAL_Driver/Src/stm32l0xx_hal_uart.c.obj
                0x08007148                HAL_UART_Receive_IT
 .text.HAL_UARTEx_WakeupCallback
                0x080071b4        0x2 CMakeFiles/L072RBTx_Core.elf.dir/Drivers/STM32L0xx_HAL_Driver/Src/stm32l0xx_hal_uart_ex.c.obj
                0x080071b4                HAL_UARTEx_WakeupCallback
 *fill*         0x080071b6        0x2 
 .text.Reset_Handler
                0x080071b8       0x50 CMakeFiles/L072RBTx_Core.elf.dir/startup/startup_stm32l072xx.s.obj
                0x080071b8                Reset_Handler
 .text.Default_Handler
                0x08007208        0x2 CMakeFiles/L072RBTx_Core.elf.dir/startup/startup_stm32l072xx.s.obj
                0x08007208                TSC_IRQHandler
                0x08007208                ADC1_COMP_IRQHandler
                0x08007208                PVD_IRQHandler
                0x08007208                I2C1_IRQHandler
                0x08007208                RCC_CRS_IRQHandler
                0x08007208                SPI1_IRQHandler
                0x08007208                TIM6_DAC_IRQHandler
                0x08007208                EXTI2_3_IRQHandler
                0x08007208                I2C2_IRQHandler
                0x08007208                TIM3_IRQHandler
                0x08007208                EXTI4_15_IRQHandler
                0x08007208                Default_Handler
                0x08007208                TIM22_IRQHandler
                0x08007208                TIM7_IRQHandler
                0x08007208                EXTI0_1_IRQHandler
                0x08007208                USB_IRQHandler
                0x08007208                I2C3_IRQHandler
                0x08007208                SPI2_IRQHandler
                0x08007208                TIM21_IRQHandler
                0x08007208                WWDG_IRQHandler
                0x08007208                TIM2_IRQHandler
                0x08007208                USART2_IRQHandler
                0x08007208                FLASH_IRQHandler
                0x08007208                USART1_IRQHandler
                0x08007208                RNG_LPUART1_IRQHandler
                0x08007208                LPTIM1_IRQHandler
 *fill*         0x0800720a        0x2 
 .text.__errno  0x0800720c        0xc g:/arm_ide/gcc-arm-none-eabi-10-2020-q4-major/bin/../lib/gcc/arm-none-eabi/10.2.1/../../../../arm-none-eabi/lib/thumb/v6-m/nofp\libg.a(lib_a-errno.o)
                0x0800720c                __errno
 .text.__libc_init_array
                0x08007218       0x44 g:/arm_ide/gcc-arm-none-eabi-10-2020-q4-major/bin/../lib/gcc/arm-none-eabi/10.2.1/../../../../arm-none-eabi/lib/thumb/v6-m/nofp\libg.a(lib_a-init.o)
                0x08007218                __libc_init_array
 .text.memcpy   0x0800725c       0xa4 g:/arm_ide/gcc-arm-none-eabi-10-2020-q4-major/bin/../lib/gcc/arm-none-eabi/10.2.1/../../../../arm-none-eabi/lib/thumb/v6-m/nofp\libg.a(lib_a-memcpy-stub.o)
                0x0800725c                memcpy
 .text.memset   0x08007300       0xa8 g:/arm_ide/gcc-arm-none-eabi-10-2020-q4-major/bin/../lib/gcc/arm-none-eabi/10.2.1/../../../../arm-none-eabi/lib/thumb/v6-m/nofp\libg.a(lib_a-memset.o)
                0x08007300                memset
 .text.sprintf  0x080073a8       0x40 g:/arm_ide/gcc-arm-none-eabi-10-2020-q4-major/bin/../lib/gcc/arm-none-eabi/10.2.1/../../../../arm-none-eabi/lib/thumb/v6-m/nofp\libg.a(lib_a-sprintf.o)
                0x080073a8                sprintf
 .text._svfprintf_r
                0x080073e8     0x1bcc g:/arm_ide/gcc-arm-none-eabi-10-2020-q4-major/bin/../lib/gcc/arm-none-eabi/10.2.1/../../../../arm-none-eabi/lib/thumb/v6-m/nofp\libg.a(lib_a-svfprintf.o)
                0x080073e8                _svfprintf_r
 .text.startup.register_fini
                0x08008fb4       0x18 g:/arm_ide/gcc-arm-none-eabi-10-2020-q4-major/bin/../lib/gcc/arm-none-eabi/10.2.1/../../../../arm-none-eabi/lib/thumb/v6-m/nofp\libg.a(lib_a-__call_atexit.o)
 .text.atexit   0x08008fcc       0x10 g:/arm_ide/gcc-arm-none-eabi-10-2020-q4-major/bin/../lib/gcc/arm-none-eabi/10.2.1/../../../../arm-none-eabi/lib/thumb/v6-m/nofp\libg.a(lib_a-atexit.o)
                0x08008fcc                atexit
 .text.quorem   0x08008fdc      0x148 g:/arm_ide/gcc-arm-none-eabi-10-2020-q4-major/bin/../lib/gcc/arm-none-eabi/10.2.1/../../../../arm-none-eabi/lib/thumb/v6-m/nofp\libg.a(lib_a-dtoa.o)
 .text._dtoa_r  0x08009124      0xfc0 g:/arm_ide/gcc-arm-none-eabi-10-2020-q4-major/bin/../lib/gcc/arm-none-eabi/10.2.1/../../../../arm-none-eabi/lib/thumb/v6-m/nofp\libg.a(lib_a-dtoa.o)
                0x08009124                _dtoa_r
 .text.__libc_fini_array
                0x0800a0e4       0x28 g:/arm_ide/gcc-arm-none-eabi-10-2020-q4-major/bin/../lib/gcc/arm-none-eabi/10.2.1/../../../../arm-none-eabi/lib/thumb/v6-m/nofp\libg.a(lib_a-fini.o)
                0x0800a0e4                __libc_fini_array
 .text._malloc_trim_r
                0x0800a10c       0x9c g:/arm_ide/gcc-arm-none-eabi-10-2020-q4-major/bin/../lib/gcc/arm-none-eabi/10.2.1/../../../../arm-none-eabi/lib/thumb/v6-m/nofp\libg.a(lib_a-freer.o)
                0x0800a10c                _malloc_trim_r
 .text._free_r  0x0800a1a8      0x1c4 g:/arm_ide/gcc-arm-none-eabi-10-2020-q4-major/bin/../lib/gcc/arm-none-eabi/10.2.1/../../../../arm-none-eabi/lib/thumb/v6-m/nofp\libg.a(lib_a-freer.o)
                0x0800a1a8                _free_r
 .text._localeconv_r
                0x0800a36c        0x8 g:/arm_ide/gcc-arm-none-eabi-10-2020-q4-major/bin/../lib/gcc/arm-none-eabi/10.2.1/../../../../arm-none-eabi/lib/thumb/v6-m/nofp\libg.a(lib_a-localeconv.o)
                0x0800a36c                _localeconv_r
 .text.__retarget_lock_init_recursive
                0x0800a374        0x4 g:/arm_ide/gcc-arm-none-eabi-10-2020-q4-major/bin/../lib/gcc/arm-none-eabi/10.2.1/../../../../arm-none-eabi/lib/thumb/v6-m/nofp\libg.a(lib_a-lock.o)
                0x0800a374                __retarget_lock_init_recursive
 .text.__retarget_lock_close_recursive
                0x0800a378        0x4 g:/arm_ide/gcc-arm-none-eabi-10-2020-q4-major/bin/../lib/gcc/arm-none-eabi/10.2.1/../../../../arm-none-eabi/lib/thumb/v6-m/nofp\libg.a(lib_a-lock.o)
                0x0800a378                __retarget_lock_close_recursive
 .text.__retarget_lock_acquire_recursive
                0x0800a37c        0x4 g:/arm_ide/gcc-arm-none-eabi-10-2020-q4-major/bin/../lib/gcc/arm-none-eabi/10.2.1/../../../../arm-none-eabi/lib/thumb/v6-m/nofp\libg.a(lib_a-lock.o)
                0x0800a37c                __retarget_lock_acquire_recursive
 .text.__retarget_lock_release_recursive
                0x0800a380        0x4 g:/arm_ide/gcc-arm-none-eabi-10-2020-q4-major/bin/../lib/gcc/arm-none-eabi/10.2.1/../../../../arm-none-eabi/lib/thumb/v6-m/nofp\libg.a(lib_a-lock.o)
                0x0800a380                __retarget_lock_release_recursive
 .text._malloc_r
                0x0800a384      0x580 g:/arm_ide/gcc-arm-none-eabi-10-2020-q4-major/bin/../lib/gcc/arm-none-eabi/10.2.1/../../../../arm-none-eabi/lib/thumb/v6-m/nofp\libg.a(lib_a-mallocr.o)
                0x0800a384                _malloc_r
 .text.memchr   0x0800a904       0x74 g:/arm_ide/gcc-arm-none-eabi-10-2020-q4-major/bin/../lib/gcc/arm-none-eabi/10.2.1/../../../../arm-none-eabi/lib/thumb/v6-m/nofp\libg.a(lib_a-memchr-stub.o)
                0x0800a904                memchr
 .text.__malloc_lock
                0x0800a978       0x10 g:/arm_ide/gcc-arm-none-eabi-10-2020-q4-major/bin/../lib/gcc/arm-none-eabi/10.2.1/../../../../arm-none-eabi/lib/thumb/v6-m/nofp\libg.a(lib_a-mlock.o)
                0x0800a978                __malloc_lock
 .text.__malloc_unlock
                0x0800a988       0x10 g:/arm_ide/gcc-arm-none-eabi-10-2020-q4-major/bin/../lib/gcc/arm-none-eabi/10.2.1/../../../../arm-none-eabi/lib/thumb/v6-m/nofp\libg.a(lib_a-mlock.o)
                0x0800a988                __malloc_unlock
 .text._Balloc  0x0800a998       0x50 g:/arm_ide/gcc-arm-none-eabi-10-2020-q4-major/bin/../lib/gcc/arm-none-eabi/10.2.1/../../../../arm-none-eabi/lib/thumb/v6-m/nofp\libg.a(lib_a-mprec.o)
                0x0800a998                _Balloc
 .text._Bfree   0x0800a9e8       0x14 g:/arm_ide/gcc-arm-none-eabi-10-2020-q4-major/bin/../lib/gcc/arm-none-eabi/10.2.1/../../../../arm-none-eabi/lib/thumb/v6-m/nofp\libg.a(lib_a-mprec.o)
                0x0800a9e8                _Bfree
 .text.__multadd
                0x0800a9fc       0xa8 g:/arm_ide/gcc-arm-none-eabi-10-2020-q4-major/bin/../lib/gcc/arm-none-eabi/10.2.1/../../../../arm-none-eabi/lib/thumb/v6-m/nofp\libg.a(lib_a-mprec.o)
                0x0800a9fc                __multadd
 .text.__hi0bits
                0x0800aaa4       0x38 g:/arm_ide/gcc-arm-none-eabi-10-2020-q4-major/bin/../lib/gcc/arm-none-eabi/10.2.1/../../../../arm-none-eabi/lib/thumb/v6-m/nofp\libg.a(lib_a-mprec.o)
                0x0800aaa4                __hi0bits
 .text.__lo0bits
                0x0800aadc       0x5c g:/arm_ide/gcc-arm-none-eabi-10-2020-q4-major/bin/../lib/gcc/arm-none-eabi/10.2.1/../../../../arm-none-eabi/lib/thumb/v6-m/nofp\libg.a(lib_a-mprec.o)
                0x0800aadc                __lo0bits
 .text.__i2b    0x0800ab38       0x60 g:/arm_ide/gcc-arm-none-eabi-10-2020-q4-major/bin/../lib/gcc/arm-none-eabi/10.2.1/../../../../arm-none-eabi/lib/thumb/v6-m/nofp\libg.a(lib_a-mprec.o)
                0x0800ab38                __i2b
 .text.__multiply
                0x0800ab98      0x1a4 g:/arm_ide/gcc-arm-none-eabi-10-2020-q4-major/bin/../lib/gcc/arm-none-eabi/10.2.1/../../../../arm-none-eabi/lib/thumb/v6-m/nofp\libg.a(lib_a-mprec.o)
                0x0800ab98                __multiply
 .text.__pow5mult
                0x0800ad3c       0xd8 g:/arm_ide/gcc-arm-none-eabi-10-2020-q4-major/bin/../lib/gcc/arm-none-eabi/10.2.1/../../../../arm-none-eabi/lib/thumb/v6-m/nofp\libg.a(lib_a-mprec.o)
                0x0800ad3c                __pow5mult
 .text.__lshift
                0x0800ae14       0xfc g:/arm_ide/gcc-arm-none-eabi-10-2020-q4-major/bin/../lib/gcc/arm-none-eabi/10.2.1/../../../../arm-none-eabi/lib/thumb/v6-m/nofp\libg.a(lib_a-mprec.o)
                0x0800ae14                __lshift
 .text.__mcmp   0x0800af10       0x34 g:/arm_ide/gcc-arm-none-eabi-10-2020-q4-major/bin/../lib/gcc/arm-none-eabi/10.2.1/../../../../arm-none-eabi/lib/thumb/v6-m/nofp\libg.a(lib_a-mprec.o)
                0x0800af10                __mcmp
 .text.__mdiff  0x0800af44      0x18c g:/arm_ide/gcc-arm-none-eabi-10-2020-q4-major/bin/../lib/gcc/arm-none-eabi/10.2.1/../../../../arm-none-eabi/lib/thumb/v6-m/nofp\libg.a(lib_a-mprec.o)
                0x0800af44                __mdiff
 .text.__d2b    0x0800b0d0       0xd8 g:/arm_ide/gcc-arm-none-eabi-10-2020-q4-major/bin/../lib/gcc/arm-none-eabi/10.2.1/../../../../arm-none-eabi/lib/thumb/v6-m/nofp\libg.a(lib_a-mprec.o)
                0x0800b0d0                __d2b
 .text.frexp    0x0800b1a8       0x64 g:/arm_ide/gcc-arm-none-eabi-10-2020-q4-major/bin/../lib/gcc/arm-none-eabi/10.2.1/../../../../arm-none-eabi/lib/thumb/v6-m/nofp\libg.a(lib_a-s_frexp.o)
                0x0800b1a8                frexp
 .text._sbrk_r  0x0800b20c       0x24 g:/arm_ide/gcc-arm-none-eabi-10-2020-q4-major/bin/../lib/gcc/arm-none-eabi/10.2.1/../../../../arm-none-eabi/lib/thumb/v6-m/nofp\libg.a(lib_a-sbrkr.o)
                0x0800b20c                _sbrk_r
 .text.strlen   0x0800b230       0x5c g:/arm_ide/gcc-arm-none-eabi-10-2020-q4-major/bin/../lib/gcc/arm-none-eabi/10.2.1/../../../../arm-none-eabi/lib/thumb/v6-m/nofp\libg.a(lib_a-strlen-stub.o)
                0x0800b230                strlen
 .text.strncpy  0x0800b28c       0x6c g:/arm_ide/gcc-arm-none-eabi-10-2020-q4-major/bin/../lib/gcc/arm-none-eabi/10.2.1/../../../../arm-none-eabi/lib/thumb/v6-m/nofp\libg.a(lib_a-strncpy.o)
                0x0800b28c                strncpy
 .text.__ssprint_r
                0x0800b2f8      0x114 g:/arm_ide/gcc-arm-none-eabi-10-2020-q4-major/bin/../lib/gcc/arm-none-eabi/10.2.1/../../../../arm-none-eabi/lib/thumb/v6-m/nofp\libg.a(lib_a-svfiprintf.o)
                0x0800b2f8                __ssprint_r
 .text.__register_exitproc
                0x0800b40c       0xac g:/arm_ide/gcc-arm-none-eabi-10-2020-q4-major/bin/../lib/gcc/arm-none-eabi/10.2.1/../../../../arm-none-eabi/lib/thumb/v6-m/nofp\libg.a(lib_a-__atexit.o)
                0x0800b40c                __register_exitproc
 .text.__assert_func
                0x0800b4b8       0x40 g:/arm_ide/gcc-arm-none-eabi-10-2020-q4-major/bin/../lib/gcc/arm-none-eabi/10.2.1/../../../../arm-none-eabi/lib/thumb/v6-m/nofp\libg.a(lib_a-assert.o)
                0x0800b4b8                __assert_func
 .text._calloc_r
                0x0800b4f8       0x5c g:/arm_ide/gcc-arm-none-eabi-10-2020-q4-major/bin/../lib/gcc/arm-none-eabi/10.2.1/../../../../arm-none-eabi/lib/thumb/v6-m/nofp\libg.a(lib_a-callocr.o)
                0x0800b4f8                _calloc_r
 .text.fiprintf
                0x0800b554       0x24 g:/arm_ide/gcc-arm-none-eabi-10-2020-q4-major/bin/../lib/gcc/arm-none-eabi/10.2.1/../../../../arm-none-eabi/lib/thumb/v6-m/nofp\libg.a(lib_a-fiprintf.o)
                0x0800b554                fiprintf
 .text.__locale_mb_cur_max
                0x0800b578       0x10 g:/arm_ide/gcc-arm-none-eabi-10-2020-q4-major/bin/../lib/gcc/arm-none-eabi/10.2.1/../../../../arm-none-eabi/lib/thumb/v6-m/nofp\libg.a(lib_a-locale.o)
                0x0800b578                __locale_mb_cur_max
 .text.__ascii_mbtowc
                0x0800b588       0x2c g:/arm_ide/gcc-arm-none-eabi-10-2020-q4-major/bin/../lib/gcc/arm-none-eabi/10.2.1/../../../../arm-none-eabi/lib/thumb/v6-m/nofp\libg.a(lib_a-mbtowc_r.o)
                0x0800b588                __ascii_mbtowc
 .text.memmove  0x0800b5b4       0xac g:/arm_ide/gcc-arm-none-eabi-10-2020-q4-major/bin/../lib/gcc/arm-none-eabi/10.2.1/../../../../arm-none-eabi/lib/thumb/v6-m/nofp\libg.a(lib_a-memmove.o)
                0x0800b5b4                memmove
 .text._realloc_r
                0x0800b660      0x358 g:/arm_ide/gcc-arm-none-eabi-10-2020-q4-major/bin/../lib/gcc/arm-none-eabi/10.2.1/../../../../arm-none-eabi/lib/thumb/v6-m/nofp\libg.a(lib_a-reallocr.o)
                0x0800b660                _realloc_r
 .text.__sprint_r.part.0
                0x0800b9b8       0x88 g:/arm_ide/gcc-arm-none-eabi-10-2020-q4-major/bin/../lib/gcc/arm-none-eabi/10.2.1/../../../../arm-none-eabi/lib/thumb/v6-m/nofp\libg.a(lib_a-vfiprintf.o)
 .text._vfiprintf_r
                0x0800ba40      0xdb8 g:/arm_ide/gcc-arm-none-eabi-10-2020-q4-major/bin/../lib/gcc/arm-none-eabi/10.2.1/../../../../arm-none-eabi/lib/thumb/v6-m/nofp\libg.a(lib_a-vfiprintf.o)
                0x0800ba40                _vfiprintf_r
 .text.__sbprintf
                0x0800c7f8       0x8c g:/arm_ide/gcc-arm-none-eabi-10-2020-q4-major/bin/../lib/gcc/arm-none-eabi/10.2.1/../../../../arm-none-eabi/lib/thumb/v6-m/nofp\libg.a(lib_a-vfiprintf.o)
 .text.__ascii_wctomb
                0x0800c884       0x1c g:/arm_ide/gcc-arm-none-eabi-10-2020-q4-major/bin/../lib/gcc/arm-none-eabi/10.2.1/../../../../arm-none-eabi/lib/thumb/v6-m/nofp\libg.a(lib_a-wctomb_r.o)
                0x0800c884                __ascii_wctomb
 .text.__swsetup_r
                0x0800c8a0       0xdc g:/arm_ide/gcc-arm-none-eabi-10-2020-q4-major/bin/../lib/gcc/arm-none-eabi/10.2.1/../../../../arm-none-eabi/lib/thumb/v6-m/nofp\libg.a(lib_a-wsetup.o)
                0x0800c8a0                __swsetup_r
 .text.abort    0x0800c97c       0x10 g:/arm_ide/gcc-arm-none-eabi-10-2020-q4-major/bin/../lib/gcc/arm-none-eabi/10.2.1/../../../../arm-none-eabi/lib/thumb/v6-m/nofp\libg.a(lib_a-abort.o)
                0x0800c97c                abort
 .text.__sflush_r
                0x0800c98c      0x140 g:/arm_ide/gcc-arm-none-eabi-10-2020-q4-major/bin/../lib/gcc/arm-none-eabi/10.2.1/../../../../arm-none-eabi/lib/thumb/v6-m/nofp\libg.a(lib_a-fflush.o)
                0x0800c98c                __sflush_r
 .text._fflush_r
                0x0800cacc       0x6c g:/arm_ide/gcc-arm-none-eabi-10-2020-q4-major/bin/../lib/gcc/arm-none-eabi/10.2.1/../../../../arm-none-eabi/lib/thumb/v6-m/nofp\libg.a(lib_a-fflush.o)
                0x0800cacc                _fflush_r
 .text._cleanup_r
                0x0800cb38       0x10 g:/arm_ide/gcc-arm-none-eabi-10-2020-q4-major/bin/../lib/gcc/arm-none-eabi/10.2.1/../../../../arm-none-eabi/lib/thumb/v6-m/nofp\libg.a(lib_a-findfp.o)
                0x0800cb38                _cleanup_r
 .text.__sinit  0x0800cb48      0x120 g:/arm_ide/gcc-arm-none-eabi-10-2020-q4-major/bin/../lib/gcc/arm-none-eabi/10.2.1/../../../../arm-none-eabi/lib/thumb/v6-m/nofp\libg.a(lib_a-findfp.o)
                0x0800cb48                __sinit
 .text.__sfp_lock_acquire
                0x0800cc68       0x10 g:/arm_ide/gcc-arm-none-eabi-10-2020-q4-major/bin/../lib/gcc/arm-none-eabi/10.2.1/../../../../arm-none-eabi/lib/thumb/v6-m/nofp\libg.a(lib_a-findfp.o)
                0x0800cc68                __sfp_lock_acquire
 .text.__sfp_lock_release
                0x0800cc78       0x10 g:/arm_ide/gcc-arm-none-eabi-10-2020-q4-major/bin/../lib/gcc/arm-none-eabi/10.2.1/../../../../arm-none-eabi/lib/thumb/v6-m/nofp\libg.a(lib_a-findfp.o)
                0x0800cc78                __sfp_lock_release
 .text.__fputwc
                0x0800cc88       0x98 g:/arm_ide/gcc-arm-none-eabi-10-2020-q4-major/bin/../lib/gcc/arm-none-eabi/10.2.1/../../../../arm-none-eabi/lib/thumb/v6-m/nofp\libg.a(lib_a-fputwc.o)
                0x0800cc88                __fputwc
 .text._fputwc_r
                0x0800cd20       0x5c g:/arm_ide/gcc-arm-none-eabi-10-2020-q4-major/bin/../lib/gcc/arm-none-eabi/10.2.1/../../../../arm-none-eabi/lib/thumb/v6-m/nofp\libg.a(lib_a-fputwc.o)
                0x0800cd20                _fputwc_r
 .text.__sfvwrite_r
                0x0800cd7c      0x2f4 g:/arm_ide/gcc-arm-none-eabi-10-2020-q4-major/bin/../lib/gcc/arm-none-eabi/10.2.1/../../../../arm-none-eabi/lib/thumb/v6-m/nofp\libg.a(lib_a-fvwrite.o)
                0x0800cd7c                __sfvwrite_r
 .text._fwalk_reent
                0x0800d070       0x48 g:/arm_ide/gcc-arm-none-eabi-10-2020-q4-major/bin/../lib/gcc/arm-none-eabi/10.2.1/../../../../arm-none-eabi/lib/thumb/v6-m/nofp\libg.a(lib_a-fwalk.o)
                0x0800d070                _fwalk_reent
 .text.__smakebuf_r
                0x0800d0b8       0xe4 g:/arm_ide/gcc-arm-none-eabi-10-2020-q4-major/bin/../lib/gcc/arm-none-eabi/10.2.1/../../../../arm-none-eabi/lib/thumb/v6-m/nofp\libg.a(lib_a-makebuf.o)
                0x0800d0b8                __smakebuf_r
 .text.raise    0x0800d19c       0x60 g:/arm_ide/gcc-arm-none-eabi-10-2020-q4-major/bin/../lib/gcc/arm-none-eabi/10.2.1/../../../../arm-none-eabi/lib/thumb/v6-m/nofp\libg.a(lib_a-signal.o)
                0x0800d19c                raise
 .text._kill_r  0x0800d1fc       0x28 g:/arm_ide/gcc-arm-none-eabi-10-2020-q4-major/bin/../lib/gcc/arm-none-eabi/10.2.1/../../../../arm-none-eabi/lib/thumb/v6-m/nofp\libg.a(lib_a-signalr.o)
                0x0800d1fc                _kill_r
 .text._getpid_r
                0x0800d224        0x8 g:/arm_ide/gcc-arm-none-eabi-10-2020-q4-major/bin/../lib/gcc/arm-none-eabi/10.2.1/../../../../arm-none-eabi/lib/thumb/v6-m/nofp\libg.a(lib_a-signalr.o)
                0x0800d224                _getpid_r
 .text.__sread  0x0800d22c       0x28 g:/arm_ide/gcc-arm-none-eabi-10-2020-q4-major/bin/../lib/gcc/arm-none-eabi/10.2.1/../../../../arm-none-eabi/lib/thumb/v6-m/nofp\libg.a(lib_a-stdio.o)
                0x0800d22c                __sread
 .text.__swrite
                0x0800d254       0x40 g:/arm_ide/gcc-arm-none-eabi-10-2020-q4-major/bin/../lib/gcc/arm-none-eabi/10.2.1/../../../../arm-none-eabi/lib/thumb/v6-m/nofp\libg.a(lib_a-stdio.o)
                0x0800d254                __swrite
 .text.__sseek  0x0800d294       0x2c g:/arm_ide/gcc-arm-none-eabi-10-2020-q4-major/bin/../lib/gcc/arm-none-eabi/10.2.1/../../../../arm-none-eabi/lib/thumb/v6-m/nofp\libg.a(lib_a-stdio.o)
                0x0800d294                __sseek
 .text.__sclose
                0x0800d2c0        0xc g:/arm_ide/gcc-arm-none-eabi-10-2020-q4-major/bin/../lib/gcc/arm-none-eabi/10.2.1/../../../../arm-none-eabi/lib/thumb/v6-m/nofp\libg.a(lib_a-stdio.o)
                0x0800d2c0                __sclose
 .text.__swbuf_r
                0x0800d2cc       0xc8 g:/arm_ide/gcc-arm-none-eabi-10-2020-q4-major/bin/../lib/gcc/arm-none-eabi/10.2.1/../../../../arm-none-eabi/lib/thumb/v6-m/nofp\libg.a(lib_a-wbuf.o)
                0x0800d2cc                __swbuf_r
 .text._wcrtomb_r
                0x0800d394       0x40 g:/arm_ide/gcc-arm-none-eabi-10-2020-q4-major/bin/../lib/gcc/arm-none-eabi/10.2.1/../../../../arm-none-eabi/lib/thumb/v6-m/nofp\libg.a(lib_a-wcrtomb.o)
                0x0800d394                _wcrtomb_r
 .text._write_r
                0x0800d3d4       0x28 g:/arm_ide/gcc-arm-none-eabi-10-2020-q4-major/bin/../lib/gcc/arm-none-eabi/10.2.1/../../../../arm-none-eabi/lib/thumb/v6-m/nofp\libg.a(lib_a-writer.o)
                0x0800d3d4                _write_r
 .text._close_r
                0x0800d3fc       0x24 g:/arm_ide/gcc-arm-none-eabi-10-2020-q4-major/bin/../lib/gcc/arm-none-eabi/10.2.1/../../../../arm-none-eabi/lib/thumb/v6-m/nofp\libg.a(lib_a-closer.o)
                0x0800d3fc                _close_r
 .text._fclose_r
                0x0800d420       0xdc g:/arm_ide/gcc-arm-none-eabi-10-2020-q4-major/bin/../lib/gcc/arm-none-eabi/10.2.1/../../../../arm-none-eabi/lib/thumb/v6-m/nofp\libg.a(lib_a-fclose.o)
                0x0800d420                _fclose_r
 .text._fstat_r
                0x0800d4fc       0x28 g:/arm_ide/gcc-arm-none-eabi-10-2020-q4-major/bin/../lib/gcc/arm-none-eabi/10.2.1/../../../../arm-none-eabi/lib/thumb/v6-m/nofp\libg.a(lib_a-fstatr.o)
                0x0800d4fc                _fstat_r
 .text._isatty_r
                0x0800d524       0x24 g:/arm_ide/gcc-arm-none-eabi-10-2020-q4-major/bin/../lib/gcc/arm-none-eabi/10.2.1/../../../../arm-none-eabi/lib/thumb/v6-m/nofp\libg.a(lib_a-isattyr.o)
                0x0800d524                _isatty_r
 .text._lseek_r
                0x0800d548       0x28 g:/arm_ide/gcc-arm-none-eabi-10-2020-q4-major/bin/../lib/gcc/arm-none-eabi/10.2.1/../../../../arm-none-eabi/lib/thumb/v6-m/nofp\libg.a(lib_a-lseekr.o)
                0x0800d548                _lseek_r
 .text._read_r  0x0800d570       0x28 g:/arm_ide/gcc-arm-none-eabi-10-2020-q4-major/bin/../lib/gcc/arm-none-eabi/10.2.1/../../../../arm-none-eabi/lib/thumb/v6-m/nofp\libg.a(lib_a-readr.o)
                0x0800d570                _read_r
 *(.glue_7)
 .glue_7        0x0800d598        0x0 linker stubs
 *(.glue_7t)
 .glue_7t       0x0800d598        0x0 linker stubs
 *(.eh_frame)
 .eh_frame      0x0800d598        0x0 g:/arm_ide/gcc-arm-none-eabi-10-2020-q4-major/bin/../lib/gcc/arm-none-eabi/10.2.1/thumb/v6-m/nofp/crtbegin.o
 *(.init)
 .init          0x0800d598        0x4 g:/arm_ide/gcc-arm-none-eabi-10-2020-q4-major/bin/../lib/gcc/arm-none-eabi/10.2.1/thumb/v6-m/nofp/crti.o
                0x0800d598                _init
 .init          0x0800d59c        0x8 g:/arm_ide/gcc-arm-none-eabi-10-2020-q4-major/bin/../lib/gcc/arm-none-eabi/10.2.1/thumb/v6-m/nofp/crtn.o
 *(.fini)
 .fini          0x0800d5a4        0x4 g:/arm_ide/gcc-arm-none-eabi-10-2020-q4-major/bin/../lib/gcc/arm-none-eabi/10.2.1/thumb/v6-m/nofp/crti.o
                0x0800d5a4                _fini
 .fini          0x0800d5a8        0x8 g:/arm_ide/gcc-arm-none-eabi-10-2020-q4-major/bin/../lib/gcc/arm-none-eabi/10.2.1/thumb/v6-m/nofp/crtn.o
                0x0800d5b0                . = ALIGN (0x4)
                0x0800d5b0                _etext = .

.vfp11_veneer   0x0800d5b0        0x0
 .vfp11_veneer  0x0800d5b0        0x0 linker stubs

.v4_bx          0x0800d5b0        0x0
 .v4_bx         0x0800d5b0        0x0 linker stubs

.iplt           0x0800d5b0        0x0
 .iplt          0x0800d5b0        0x0 g:/arm_ide/gcc-arm-none-eabi-10-2020-q4-major/bin/../lib/gcc/arm-none-eabi/10.2.1/thumb/v6-m/nofp/crtbegin.o

.rodata         0x0800d5b0      0xac4
                0x0800d5b0                . = ALIGN (0x4)
 *(.rodata)
 .rodata        0x0800d5b0       0xfe CMakeFiles/L072RBTx_Core.elf.dir/Core/Src/zigbee.c.obj
 *fill*         0x0800d6ae        0x2 
 .rodata        0x0800d6b0       0x40 g:/arm_ide/gcc-arm-none-eabi-10-2020-q4-major/bin/../lib/gcc/arm-none-eabi/10.2.1/thumb/v6-m/nofp\libgcc.a(mulsf3.o)
 .rodata        0x0800d6f0       0x40 g:/arm_ide/gcc-arm-none-eabi-10-2020-q4-major/bin/../lib/gcc/arm-none-eabi/10.2.1/thumb/v6-m/nofp\libgcc.a(divdf3.o)
 .rodata        0x0800d730       0x40 g:/arm_ide/gcc-arm-none-eabi-10-2020-q4-major/bin/../lib/gcc/arm-none-eabi/10.2.1/thumb/v6-m/nofp\libgcc.a(muldf3.o)
 *(.rodata*)
 .rodata.HAL_UART_RxCpltCallback.str1.4
                0x0800d770        0x8 CMakeFiles/L072RBTx_Core.elf.dir/Core/Src/main.c.obj
 .rodata.main.str1.4
                0x0800d778       0x36 CMakeFiles/L072RBTx_Core.elf.dir/Core/Src/main.c.obj
 *fill*         0x0800d7ae        0x2 
 .rodata.AHBPrescTable
                0x0800d7b0       0x10 CMakeFiles/L072RBTx_Core.elf.dir/Core/Src/system_stm32l0xx.c.obj
                0x0800d7b0                AHBPrescTable
 .rodata.APBPrescTable
                0x0800d7c0        0x8 CMakeFiles/L072RBTx_Core.elf.dir/Core/Src/system_stm32l0xx.c.obj
                0x0800d7c0                APBPrescTable
 .rodata.PLLMulTable
                0x0800d7c8        0x9 CMakeFiles/L072RBTx_Core.elf.dir/Core/Src/system_stm32l0xx.c.obj
                0x0800d7c8                PLLMulTable
 *fill*         0x0800d7d1        0x3 
 .rodata.E18_Open_Network.str1.4
                0x0800d7d4       0x14 CMakeFiles/L072RBTx_Core.elf.dir/Core/Src/zigbee.c.obj
 .rodata.E18_Read_InitialState.str1.4
                0x0800d7e8       0x20 CMakeFiles/L072RBTx_Core.elf.dir/Core/Src/zigbee.c.obj
 .rodata.E18_Read_status.str1.4
                0x0800d808       0x1a CMakeFiles/L072RBTx_Core.elf.dir/Core/Src/zigbee.c.obj
 *fill*         0x0800d822        0x2 
 .rodata.E18_Read_SerialPortMode.str1.4
                0x0800d824       0x22 CMakeFiles/L072RBTx_Core.elf.dir/Core/Src/zigbee.c.obj
 *fill*         0x0800d846        0x2 
 .rodata.E18_Set_DevType.str1.4
                0x0800d848       0x1a CMakeFiles/L072RBTx_Core.elf.dir/Core/Src/zigbee.c.obj
 *fill*         0x0800d862        0x2 
 .rodata.E18_Set_Group.str1.4
                0x0800d864       0x18 CMakeFiles/L072RBTx_Core.elf.dir/Core/Src/zigbee.c.obj
 .rodata.E18_Set_Target_ShortAddress.str1.4
                0x0800d87c       0x26 CMakeFiles/L072RBTx_Core.elf.dir/Core/Src/zigbee.c.obj
 *fill*         0x0800d8a2        0x2 
 .rodata.E18_Set_Target_Port.str1.4
                0x0800d8a4       0x1e CMakeFiles/L072RBTx_Core.elf.dir/Core/Src/zigbee.c.obj
 *fill*         0x0800d8c2        0x2 
 .rodata.E18_Set_TransparentMode.str1.4
                0x0800d8c4       0x22 CMakeFiles/L072RBTx_Core.elf.dir/Core/Src/zigbee.c.obj
 *fill*         0x0800d8e6        0x2 
 .rodata.E18_Set_LowPower.str1.4
                0x0800d8e8       0x1b CMakeFiles/L072RBTx_Core.elf.dir/Core/Src/zigbee.c.obj
 *fill*         0x0800d903        0x1 
 .rodata.E18_Set_Power.str1.4
                0x0800d904       0x18 CMakeFiles/L072RBTx_Core.elf.dir/Core/Src/zigbee.c.obj
 .rodata.E18_Set_CommandMode.str1.4
                0x0800d91c        0x4 CMakeFiles/L072RBTx_Core.elf.dir/Core/Src/zigbee.c.obj
 .rodata.E18_CheckNodeControlCMD.str1.4
                0x0800d920       0x36 CMakeFiles/L072RBTx_Core.elf.dir/Core/Src/zigbee.c.obj
 *fill*         0x0800d956        0x2 
 .rodata.UART_SetConfig
                0x0800d958       0x48 CMakeFiles/L072RBTx_Core.elf.dir/Drivers/STM32L0xx_HAL_Driver/Src/stm32l0xx_hal_uart.c.obj
 .rodata._global_impure_ptr
                0x0800d9a0        0x4 g:/arm_ide/gcc-arm-none-eabi-10-2020-q4-major/bin/../lib/gcc/arm-none-eabi/10.2.1/../../../../arm-none-eabi/lib/thumb/v6-m/nofp\libg.a(lib_a-impure.o)
                0x0800d9a0                _global_impure_ptr
 .rodata._svfprintf_r.str1.4
                0x0800d9a4       0x42 g:/arm_ide/gcc-arm-none-eabi-10-2020-q4-major/bin/../lib/gcc/arm-none-eabi/10.2.1/../../../../arm-none-eabi/lib/thumb/v6-m/nofp\libg.a(lib_a-svfprintf.o)
 *fill*         0x0800d9e6        0x2 
 .rodata._svfprintf_r
                0x0800d9e8      0x16c g:/arm_ide/gcc-arm-none-eabi-10-2020-q4-major/bin/../lib/gcc/arm-none-eabi/10.2.1/../../../../arm-none-eabi/lib/thumb/v6-m/nofp\libg.a(lib_a-svfprintf.o)
 .rodata.blanks.1
                0x0800db54       0x10 g:/arm_ide/gcc-arm-none-eabi-10-2020-q4-major/bin/../lib/gcc/arm-none-eabi/10.2.1/../../../../arm-none-eabi/lib/thumb/v6-m/nofp\libg.a(lib_a-svfprintf.o)
 .rodata.zeroes.0
                0x0800db64       0x10 g:/arm_ide/gcc-arm-none-eabi-10-2020-q4-major/bin/../lib/gcc/arm-none-eabi/10.2.1/../../../../arm-none-eabi/lib/thumb/v6-m/nofp\libg.a(lib_a-svfprintf.o)
 .rodata._dtoa_r.str1.4
                0x0800db74       0xa1 g:/arm_ide/gcc-arm-none-eabi-10-2020-q4-major/bin/../lib/gcc/arm-none-eabi/10.2.1/../../../../arm-none-eabi/lib/thumb/v6-m/nofp\libg.a(lib_a-dtoa.o)
                                 0xa5 (size before relaxing)
 *fill*         0x0800dc15        0x3 
 .rodata.__multadd.str1.4
                0x0800dc18       0x7e g:/arm_ide/gcc-arm-none-eabi-10-2020-q4-major/bin/../lib/gcc/arm-none-eabi/10.2.1/../../../../arm-none-eabi/lib/thumb/v6-m/nofp\libg.a(lib_a-mprec.o)
                                 0x92 (size before relaxing)
 *fill*         0x0800dc96        0x2 
 .rodata.__mprec_bigtens
                0x0800dc98       0x28 g:/arm_ide/gcc-arm-none-eabi-10-2020-q4-major/bin/../lib/gcc/arm-none-eabi/10.2.1/../../../../arm-none-eabi/lib/thumb/v6-m/nofp\libg.a(lib_a-mprec.o)
                0x0800dc98                __mprec_bigtens
 .rodata.__mprec_tens
                0x0800dcc0       0xc8 g:/arm_ide/gcc-arm-none-eabi-10-2020-q4-major/bin/../lib/gcc/arm-none-eabi/10.2.1/../../../../arm-none-eabi/lib/thumb/v6-m/nofp\libg.a(lib_a-mprec.o)
                0x0800dcc0                __mprec_tens
 .rodata.p05.0  0x0800dd88        0xc g:/arm_ide/gcc-arm-none-eabi-10-2020-q4-major/bin/../lib/gcc/arm-none-eabi/10.2.1/../../../../arm-none-eabi/lib/thumb/v6-m/nofp\libg.a(lib_a-mprec.o)
 .rodata.__assert_func.str1.4
                0x0800dd94       0x3f g:/arm_ide/gcc-arm-none-eabi-10-2020-q4-major/bin/../lib/gcc/arm-none-eabi/10.2.1/../../../../arm-none-eabi/lib/thumb/v6-m/nofp\libg.a(lib_a-assert.o)
                                 0x43 (size before relaxing)
 *fill*         0x0800ddd3        0x1 
 .rodata._setlocale_r.str1.4
                0x0800ddd4        0xa g:/arm_ide/gcc-arm-none-eabi-10-2020-q4-major/bin/../lib/gcc/arm-none-eabi/10.2.1/../../../../arm-none-eabi/lib/thumb/v6-m/nofp\libg.a(lib_a-locale.o)
                                  0xd (size before relaxing)
 *fill*         0x0800ddde        0x2 
 .rodata.str1.4
                0x0800dde0        0x2 g:/arm_ide/gcc-arm-none-eabi-10-2020-q4-major/bin/../lib/gcc/arm-none-eabi/10.2.1/../../../../arm-none-eabi/lib/thumb/v6-m/nofp\libg.a(lib_a-locale.o)
 .rodata._vfiprintf_r.str1.4
                0x0800dde2       0x2f g:/arm_ide/gcc-arm-none-eabi-10-2020-q4-major/bin/../lib/gcc/arm-none-eabi/10.2.1/../../../../arm-none-eabi/lib/thumb/v6-m/nofp\libg.a(lib_a-vfiprintf.o)
 *fill*         0x0800dde2        0x2 
 .rodata._vfiprintf_r
                0x0800dde4      0x16c g:/arm_ide/gcc-arm-none-eabi-10-2020-q4-major/bin/../lib/gcc/arm-none-eabi/10.2.1/../../../../arm-none-eabi/lib/thumb/v6-m/nofp\libg.a(lib_a-vfiprintf.o)
 .rodata.blanks.1
                0x0800df50       0x10 g:/arm_ide/gcc-arm-none-eabi-10-2020-q4-major/bin/../lib/gcc/arm-none-eabi/10.2.1/../../../../arm-none-eabi/lib/thumb/v6-m/nofp\libg.a(lib_a-vfiprintf.o)
 .rodata.zeroes.0
                0x0800df60       0x10 g:/arm_ide/gcc-arm-none-eabi-10-2020-q4-major/bin/../lib/gcc/arm-none-eabi/10.2.1/../../../../arm-none-eabi/lib/thumb/v6-m/nofp\libg.a(lib_a-vfiprintf.o)
 .rodata._ctype_
                0x0800df70      0x101 g:/arm_ide/gcc-arm-none-eabi-10-2020-q4-major/bin/../lib/gcc/arm-none-eabi/10.2.1/../../../../arm-none-eabi/lib/thumb/v6-m/nofp\libg.a(lib_a-ctype_.o)
                0x0800df70                _ctype_
                0x0800e074                . = ALIGN (0x4)
 *fill*         0x0800e071        0x3 

.ARM.extab
 *(.ARM.extab* .gnu.linkonce.armextab.*)

.ARM            0x0800e074        0x8
                0x0800e074                __exidx_start = .
 *(.ARM.exidx*)
 .ARM.exidx     0x0800e074        0x8 g:/arm_ide/gcc-arm-none-eabi-10-2020-q4-major/bin/../lib/gcc/arm-none-eabi/10.2.1/thumb/v6-m/nofp\libgcc.a(_udivmoddi4.o)
                0x0800e07c                __exidx_end = .

.rel.dyn        0x0800e07c        0x0
 .rel.iplt      0x0800e07c        0x0 g:/arm_ide/gcc-arm-none-eabi-10-2020-q4-major/bin/../lib/gcc/arm-none-eabi/10.2.1/thumb/v6-m/nofp/crtbegin.o

.preinit_array  0x0800e07c        0x0
                0x0800e07c                PROVIDE (__preinit_array_start = .)
 *(.preinit_array*)
                0x0800e07c                PROVIDE (__preinit_array_end = .)

.init_array     0x0800e07c        0x8
                0x0800e07c                PROVIDE (__init_array_start = .)
 *(SORT_BY_NAME(.init_array.*))
 .init_array.00000
                0x0800e07c        0x4 g:/arm_ide/gcc-arm-none-eabi-10-2020-q4-major/bin/../lib/gcc/arm-none-eabi/10.2.1/../../../../arm-none-eabi/lib/thumb/v6-m/nofp\libg.a(lib_a-__call_atexit.o)
 *(.init_array*)
 .init_array    0x0800e080        0x4 g:/arm_ide/gcc-arm-none-eabi-10-2020-q4-major/bin/../lib/gcc/arm-none-eabi/10.2.1/thumb/v6-m/nofp/crtbegin.o
                0x0800e084                PROVIDE (__init_array_end = .)

.fini_array     0x0800e084        0x4
                0x0800e084                PROVIDE (__fini_array_start = .)
 *(SORT_BY_NAME(.fini_array.*))
 *(.fini_array*)
 .fini_array    0x0800e084        0x4 g:/arm_ide/gcc-arm-none-eabi-10-2020-q4-major/bin/../lib/gcc/arm-none-eabi/10.2.1/thumb/v6-m/nofp/crtbegin.o
                0x0800e088                PROVIDE (__fini_array_end = .)
                0x0800e088                _sidata = LOADADDR (.data)

.data           0x20000000      0x9c0 load address 0x0800e088
                0x20000000                . = ALIGN (0x4)
                0x20000000                _sdata = .
 *(.data)
 *(.data*)
 .data.GY30_Accu_Reg
                0x20000000        0x1 CMakeFiles/L072RBTx_Core.elf.dir/Core/Src/GY30.c.obj
                0x20000000                GY30_Accu_Reg
 *fill*         0x20000001        0x3 
 .data.SystemCoreClock
                0x20000004        0x4 CMakeFiles/L072RBTx_Core.elf.dir/Core/Src/system_stm32l0xx.c.obj
                0x20000004                SystemCoreClock
 .data.uwTickFreq
                0x20000008        0x1 CMakeFiles/L072RBTx_Core.elf.dir/Drivers/STM32L0xx_HAL_Driver/Src/stm32l0xx_hal.c.obj
                0x20000008                uwTickFreq
 *fill*         0x20000009        0x3 
 .data.uwTickPrio
                0x2000000c        0x4 CMakeFiles/L072RBTx_Core.elf.dir/Drivers/STM32L0xx_HAL_Driver/Src/stm32l0xx_hal.c.obj
                0x2000000c                uwTickPrio
 .data._impure_ptr
                0x20000010        0x4 g:/arm_ide/gcc-arm-none-eabi-10-2020-q4-major/bin/../lib/gcc/arm-none-eabi/10.2.1/../../../../arm-none-eabi/lib/thumb/v6-m/nofp\libg.a(lib_a-impure.o)
                0x20000010                _impure_ptr
 *fill*         0x20000014        0x4 
 .data.impure_data
                0x20000018      0x428 g:/arm_ide/gcc-arm-none-eabi-10-2020-q4-major/bin/../lib/gcc/arm-none-eabi/10.2.1/../../../../arm-none-eabi/lib/thumb/v6-m/nofp\libg.a(lib_a-impure.o)
 .data.__atexit_recursive_mutex
                0x20000440        0x4 g:/arm_ide/gcc-arm-none-eabi-10-2020-q4-major/bin/../lib/gcc/arm-none-eabi/10.2.1/../../../../arm-none-eabi/lib/thumb/v6-m/nofp\libg.a(lib_a-__call_atexit.o)
                0x20000440                __atexit_recursive_mutex
 .data.__malloc_av_
                0x20000444      0x408 g:/arm_ide/gcc-arm-none-eabi-10-2020-q4-major/bin/../lib/gcc/arm-none-eabi/10.2.1/../../../../arm-none-eabi/lib/thumb/v6-m/nofp\libg.a(lib_a-mallocr.o)
                0x20000444                __malloc_av_
 .data.__malloc_sbrk_base
                0x2000084c        0x4 g:/arm_ide/gcc-arm-none-eabi-10-2020-q4-major/bin/../lib/gcc/arm-none-eabi/10.2.1/../../../../arm-none-eabi/lib/thumb/v6-m/nofp\libg.a(lib_a-mallocr.o)
                0x2000084c                __malloc_sbrk_base
 .data.__malloc_trim_threshold
                0x20000850        0x4 g:/arm_ide/gcc-arm-none-eabi-10-2020-q4-major/bin/../lib/gcc/arm-none-eabi/10.2.1/../../../../arm-none-eabi/lib/thumb/v6-m/nofp\libg.a(lib_a-mallocr.o)
                0x20000850                __malloc_trim_threshold
 .data.__global_locale
                0x20000854      0x16c g:/arm_ide/gcc-arm-none-eabi-10-2020-q4-major/bin/../lib/gcc/arm-none-eabi/10.2.1/../../../../arm-none-eabi/lib/thumb/v6-m/nofp\libg.a(lib_a-locale.o)
                0x20000854                __global_locale
                0x200009c0                . = ALIGN (0x4)
                0x200009c0                _edata = .

.igot.plt       0x200009c0        0x0 load address 0x0800ea48
 .igot.plt      0x200009c0        0x0 g:/arm_ide/gcc-arm-none-eabi-10-2020-q4-major/bin/../lib/gcc/arm-none-eabi/10.2.1/thumb/v6-m/nofp/crtbegin.o
                0x200009c0                . = ALIGN (0x4)

.bss            0x200009c0      0x588 load address 0x0800ea48
                0x200009c0                _sbss = .
                0x200009c0                __bss_start__ = _sbss
 *(.bss)
 .bss           0x200009c0       0x1c g:/arm_ide/gcc-arm-none-eabi-10-2020-q4-major/bin/../lib/gcc/arm-none-eabi/10.2.1/thumb/v6-m/nofp/crtbegin.o
 *(.bss*)
 .bss.GY30_I2C  0x200009dc        0x4 CMakeFiles/L072RBTx_Core.elf.dir/Core/Src/GY30.c.obj
                0x200009dc                GY30_I2C
 .bss.GY30_Receive
                0x200009e0        0x3 CMakeFiles/L072RBTx_Core.elf.dir/Core/Src/GY30.c.obj
                0x200009e0                GY30_Receive
 *fill*         0x200009e3        0x1 
 .bss.hadc      0x200009e4       0x5c CMakeFiles/L072RBTx_Core.elf.dir/Core/Src/adc.c.obj
                0x200009e4                hadc
 .bss.hdma_adc  0x20000a40       0x48 CMakeFiles/L072RBTx_Core.elf.dir/Core/Src/adc.c.obj
                0x20000a40                hdma_adc
 .bss.BatteryLevel_ADC
                0x20000a88        0x4 CMakeFiles/L072RBTx_Core.elf.dir/Core/Src/battery.c.obj
                0x20000a88                BatteryLevel_ADC
 .bss.adc1_buf  0x20000a8c        0x2 CMakeFiles/L072RBTx_Core.elf.dir/Core/Src/battery.c.obj
                0x20000a8c                adc1_buf
 *fill*         0x20000a8e        0x2 
 .bss.hi2c1     0x20000a90       0x54 CMakeFiles/L072RBTx_Core.elf.dir/Core/Src/i2c.c.obj
                0x20000a90                hi2c1
 .bss.UART4_temp
                0x20000ae4        0x1 CMakeFiles/L072RBTx_Core.elf.dir/Core/Src/main.c.obj
                0x20000ae4                UART4_temp
 *fill*         0x20000ae5        0x3 
 .bss.batteryLevel
                0x20000ae8        0x4 CMakeFiles/L072RBTx_Core.elf.dir/Core/Src/main.c.obj
                0x20000ae8                batteryLevel
 .bss.u_buf     0x20000aec      0x100 CMakeFiles/L072RBTx_Core.elf.dir/Core/Src/main.c.obj
                0x20000aec                u_buf
 .bss.hrtc      0x20000bec       0x24 CMakeFiles/L072RBTx_Core.elf.dir/Core/Src/rtc.c.obj
                0x20000bec                hrtc
 .bss.heap_end.0
                0x20000c10        0x4 CMakeFiles/L072RBTx_Core.elf.dir/Core/Src/syscalls.c.obj
 .bss.hdma_usart4_tx
                0x20000c14       0x48 CMakeFiles/L072RBTx_Core.elf.dir/Core/Src/usart.c.obj
                0x20000c14                hdma_usart4_tx
 .bss.hdma_usart5_tx
                0x20000c5c       0x48 CMakeFiles/L072RBTx_Core.elf.dir/Core/Src/usart.c.obj
                0x20000c5c                hdma_usart5_tx
 .bss.huart1    0x20000ca4       0x88 CMakeFiles/L072RBTx_Core.elf.dir/Core/Src/usart.c.obj
                0x20000ca4                huart1
 .bss.huart4    0x20000d2c       0x88 CMakeFiles/L072RBTx_Core.elf.dir/Core/Src/usart.c.obj
                0x20000d2c                huart4
 .bss.huart5    0x20000db4       0x88 CMakeFiles/L072RBTx_Core.elf.dir/Core/Src/usart.c.obj
                0x20000db4                huart5
 .bss.E18_CMD_FLAG
                0x20000e3c        0x1 CMakeFiles/L072RBTx_Core.elf.dir/Core/Src/zigbee.c.obj
                0x20000e3c                E18_CMD_FLAG
 .bss.E18_NodeControlCMD
                0x20000e3d        0x1 CMakeFiles/L072RBTx_Core.elf.dir/Core/Src/zigbee.c.obj
                0x20000e3d                E18_NodeControlCMD
 *fill*         0x20000e3e        0x2 
 .bss.E18_RECEIVE_BUFF
                0x20000e40       0x64 CMakeFiles/L072RBTx_Core.elf.dir/Core/Src/zigbee.c.obj
                0x20000e40                E18_RECEIVE_BUFF
 .bss.E18_Send_DataBuf
                0x20000ea4       0x1e CMakeFiles/L072RBTx_Core.elf.dir/Core/Src/zigbee.c.obj
                0x20000ea4                E18_Send_DataBuf
 .bss.RX_NUM    0x20000ec2        0x1 CMakeFiles/L072RBTx_Core.elf.dir/Core/Src/zigbee.c.obj
                0x20000ec2                RX_NUM
 .bss.RX_NUM_LENGTH
                0x20000ec3        0x1 CMakeFiles/L072RBTx_Core.elf.dir/Core/Src/zigbee.c.obj
                0x20000ec3                RX_NUM_LENGTH
 .bss.ZigBee    0x20000ec4       0x38 CMakeFiles/L072RBTx_Core.elf.dir/Core/Src/zigbee.c.obj
                0x20000ec4                ZigBee
 .bss.uwTick    0x20000efc        0x4 CMakeFiles/L072RBTx_Core.elf.dir/Drivers/STM32L0xx_HAL_Driver/Src/stm32l0xx_hal.c.obj
                0x20000efc                uwTick
 .bss.__lock___atexit_recursive_mutex
                0x20000f00        0x1 g:/arm_ide/gcc-arm-none-eabi-10-2020-q4-major/bin/../lib/gcc/arm-none-eabi/10.2.1/../../../../arm-none-eabi/lib/thumb/v6-m/nofp\libg.a(lib_a-lock.o)
                0x20000f00                __lock___atexit_recursive_mutex
 *fill*         0x20000f01        0x3 
 .bss.__lock___malloc_recursive_mutex
                0x20000f04        0x1 g:/arm_ide/gcc-arm-none-eabi-10-2020-q4-major/bin/../lib/gcc/arm-none-eabi/10.2.1/../../../../arm-none-eabi/lib/thumb/v6-m/nofp\libg.a(lib_a-lock.o)
                0x20000f04                __lock___malloc_recursive_mutex
 *fill*         0x20000f05        0x3 
 .bss.__lock___sfp_recursive_mutex
                0x20000f08        0x1 g:/arm_ide/gcc-arm-none-eabi-10-2020-q4-major/bin/../lib/gcc/arm-none-eabi/10.2.1/../../../../arm-none-eabi/lib/thumb/v6-m/nofp\libg.a(lib_a-lock.o)
                0x20000f08                __lock___sfp_recursive_mutex
 *fill*         0x20000f09        0x3 
 .bss.__lock___sinit_recursive_mutex
                0x20000f0c        0x1 g:/arm_ide/gcc-arm-none-eabi-10-2020-q4-major/bin/../lib/gcc/arm-none-eabi/10.2.1/../../../../arm-none-eabi/lib/thumb/v6-m/nofp\libg.a(lib_a-lock.o)
                0x20000f0c                __lock___sinit_recursive_mutex
 *fill*         0x20000f0d        0x3 
 .bss.__malloc_current_mallinfo
                0x20000f10       0x28 g:/arm_ide/gcc-arm-none-eabi-10-2020-q4-major/bin/../lib/gcc/arm-none-eabi/10.2.1/../../../../arm-none-eabi/lib/thumb/v6-m/nofp\libg.a(lib_a-mallocr.o)
                0x20000f10                __malloc_current_mallinfo
 .bss.__malloc_max_sbrked_mem
                0x20000f38        0x4 g:/arm_ide/gcc-arm-none-eabi-10-2020-q4-major/bin/../lib/gcc/arm-none-eabi/10.2.1/../../../../arm-none-eabi/lib/thumb/v6-m/nofp\libg.a(lib_a-mallocr.o)
                0x20000f38                __malloc_max_sbrked_mem
 .bss.__malloc_max_total_mem
                0x20000f3c        0x4 g:/arm_ide/gcc-arm-none-eabi-10-2020-q4-major/bin/../lib/gcc/arm-none-eabi/10.2.1/../../../../arm-none-eabi/lib/thumb/v6-m/nofp\libg.a(lib_a-mallocr.o)
                0x20000f3c                __malloc_max_total_mem
 .bss.__malloc_top_pad
                0x20000f40        0x4 g:/arm_ide/gcc-arm-none-eabi-10-2020-q4-major/bin/../lib/gcc/arm-none-eabi/10.2.1/../../../../arm-none-eabi/lib/thumb/v6-m/nofp\libg.a(lib_a-mallocr.o)
                0x20000f40                __malloc_top_pad
 .bss.errno     0x20000f44        0x4 g:/arm_ide/gcc-arm-none-eabi-10-2020-q4-major/bin/../lib/gcc/arm-none-eabi/10.2.1/../../../../arm-none-eabi/lib/thumb/v6-m/nofp\libg.a(lib_a-reent.o)
                0x20000f44                errno
 *(COMMON)
                0x20000f48                . = ALIGN (0x4)
                0x20000f48                _ebss = .
                0x20000f48                __bss_end__ = _ebss

._user_heap_stack
                0x20000f48      0x600 load address 0x0800ea48
                0x20000f48                . = ALIGN (0x8)
                0x20000f48                PROVIDE (end = .)
                [!provide]                PROVIDE (_end = .)
                0x20001148                . = (. + _Min_Heap_Size)
 *fill*         0x20000f48      0x200 
                0x20001548                . = (. + _Min_Stack_Size)
 *fill*         0x20001148      0x400 
                0x20001548                . = ALIGN (0x8)

/DISCARD/
 libc.a(*)
 libm.a(*)
 libgcc.a(*)

.ARM.attributes
                0x00000000       0x28
 *(.ARM.attributes)
 .ARM.attributes
                0x00000000       0x1e g:/arm_ide/gcc-arm-none-eabi-10-2020-q4-major/bin/../lib/gcc/arm-none-eabi/10.2.1/thumb/v6-m/nofp/crti.o
 .ARM.attributes
                0x0000001e       0x2c g:/arm_ide/gcc-arm-none-eabi-10-2020-q4-major/bin/../lib/gcc/arm-none-eabi/10.2.1/thumb/v6-m/nofp/crtbegin.o
 .ARM.attributes
                0x0000004a       0x2c CMakeFiles/L072RBTx_Core.elf.dir/Core/Src/GY30.c.obj
 .ARM.attributes
                0x00000076       0x2c CMakeFiles/L072RBTx_Core.elf.dir/Core/Src/adc.c.obj
 .ARM.attributes
                0x000000a2       0x2c CMakeFiles/L072RBTx_Core.elf.dir/Core/Src/battery.c.obj
 .ARM.attributes
                0x000000ce       0x2c CMakeFiles/L072RBTx_Core.elf.dir/Core/Src/delay.c.obj
 .ARM.attributes
                0x000000fa       0x2c CMakeFiles/L072RBTx_Core.elf.dir/Core/Src/dht11.c.obj
 .ARM.attributes
                0x00000126       0x2c CMakeFiles/L072RBTx_Core.elf.dir/Core/Src/dma.c.obj
 .ARM.attributes
                0x00000152       0x2c CMakeFiles/L072RBTx_Core.elf.dir/Core/Src/gpio.c.obj
 .ARM.attributes
                0x0000017e       0x2c CMakeFiles/L072RBTx_Core.elf.dir/Core/Src/i2c.c.obj
 .ARM.attributes
                0x000001aa       0x2c CMakeFiles/L072RBTx_Core.elf.dir/Core/Src/lowpower.c.obj
 .ARM.attributes
                0x000001d6       0x2c CMakeFiles/L072RBTx_Core.elf.dir/Core/Src/main.c.obj
 .ARM.attributes
                0x00000202       0x2c CMakeFiles/L072RBTx_Core.elf.dir/Core/Src/rtc.c.obj
 .ARM.attributes
                0x0000022e       0x2c CMakeFiles/L072RBTx_Core.elf.dir/Core/Src/stm32l0xx_hal_msp.c.obj
 .ARM.attributes
                0x0000025a       0x2c CMakeFiles/L072RBTx_Core.elf.dir/Core/Src/stm32l0xx_it.c.obj
 .ARM.attributes
                0x00000286       0x2c CMakeFiles/L072RBTx_Core.elf.dir/Core/Src/syscalls.c.obj
 .ARM.attributes
                0x000002b2       0x2c CMakeFiles/L072RBTx_Core.elf.dir/Core/Src/system_stm32l0xx.c.obj
 .ARM.attributes
                0x000002de       0x2c CMakeFiles/L072RBTx_Core.elf.dir/Core/Src/usart.c.obj
 .ARM.attributes
                0x0000030a       0x2c CMakeFiles/L072RBTx_Core.elf.dir/Core/Src/zigbee.c.obj
 .ARM.attributes
                0x00000336       0x2c CMakeFiles/L072RBTx_Core.elf.dir/Drivers/STM32L0xx_HAL_Driver/Src/stm32l0xx_hal.c.obj
 .ARM.attributes
                0x00000362       0x2c CMakeFiles/L072RBTx_Core.elf.dir/Drivers/STM32L0xx_HAL_Driver/Src/stm32l0xx_hal_adc.c.obj
 .ARM.attributes
                0x0000038e       0x2c CMakeFiles/L072RBTx_Core.elf.dir/Drivers/STM32L0xx_HAL_Driver/Src/stm32l0xx_hal_cortex.c.obj
 .ARM.attributes
                0x000003ba       0x2c CMakeFiles/L072RBTx_Core.elf.dir/Drivers/STM32L0xx_HAL_Driver/Src/stm32l0xx_hal_dma.c.obj
 .ARM.attributes
                0x000003e6       0x2c CMakeFiles/L072RBTx_Core.elf.dir/Drivers/STM32L0xx_HAL_Driver/Src/stm32l0xx_hal_gpio.c.obj
 .ARM.attributes
                0x00000412       0x2c CMakeFiles/L072RBTx_Core.elf.dir/Drivers/STM32L0xx_HAL_Driver/Src/stm32l0xx_hal_i2c.c.obj
 .ARM.attributes
                0x0000043e       0x2c CMakeFiles/L072RBTx_Core.elf.dir/Drivers/STM32L0xx_HAL_Driver/Src/stm32l0xx_hal_i2c_ex.c.obj
 .ARM.attributes
                0x0000046a       0x2c CMakeFiles/L072RBTx_Core.elf.dir/Drivers/STM32L0xx_HAL_Driver/Src/stm32l0xx_hal_pwr.c.obj
 .ARM.attributes
                0x00000496       0x2c CMakeFiles/L072RBTx_Core.elf.dir/Drivers/STM32L0xx_HAL_Driver/Src/stm32l0xx_hal_rcc.c.obj
 .ARM.attributes
                0x000004c2       0x2c CMakeFiles/L072RBTx_Core.elf.dir/Drivers/STM32L0xx_HAL_Driver/Src/stm32l0xx_hal_rcc_ex.c.obj
 .ARM.attributes
                0x000004ee       0x2c CMakeFiles/L072RBTx_Core.elf.dir/Drivers/STM32L0xx_HAL_Driver/Src/stm32l0xx_hal_rtc.c.obj
 .ARM.attributes
                0x0000051a       0x2c CMakeFiles/L072RBTx_Core.elf.dir/Drivers/STM32L0xx_HAL_Driver/Src/stm32l0xx_hal_rtc_ex.c.obj
 .ARM.attributes
                0x00000546       0x2c CMakeFiles/L072RBTx_Core.elf.dir/Drivers/STM32L0xx_HAL_Driver/Src/stm32l0xx_hal_uart.c.obj
 .ARM.attributes
                0x00000572       0x2c CMakeFiles/L072RBTx_Core.elf.dir/Drivers/STM32L0xx_HAL_Driver/Src/stm32l0xx_hal_uart_ex.c.obj
 .ARM.attributes
                0x0000059e       0x22 CMakeFiles/L072RBTx_Core.elf.dir/startup/startup_stm32l072xx.s.obj
 .ARM.attributes
                0x000005c0       0x1e g:/arm_ide/gcc-arm-none-eabi-10-2020-q4-major/bin/../lib/gcc/arm-none-eabi/10.2.1/thumb/v6-m/nofp\libgcc.a(_udivsi3.o)
 .ARM.attributes
                0x000005de       0x1e g:/arm_ide/gcc-arm-none-eabi-10-2020-q4-major/bin/../lib/gcc/arm-none-eabi/10.2.1/thumb/v6-m/nofp\libgcc.a(_dvmd_tls.o)
 .ARM.attributes
                0x000005fc       0x1e g:/arm_ide/gcc-arm-none-eabi-10-2020-q4-major/bin/../lib/gcc/arm-none-eabi/10.2.1/thumb/v6-m/nofp\libgcc.a(_arm_cmpdf2.o)
 .ARM.attributes
                0x0000061a       0x1e g:/arm_ide/gcc-arm-none-eabi-10-2020-q4-major/bin/../lib/gcc/arm-none-eabi/10.2.1/thumb/v6-m/nofp\libgcc.a(_aeabi_uldivmod.o)
 .ARM.attributes
                0x00000638       0x2c g:/arm_ide/gcc-arm-none-eabi-10-2020-q4-major/bin/../lib/gcc/arm-none-eabi/10.2.1/thumb/v6-m/nofp\libgcc.a(_muldi3.o)
 .ARM.attributes
                0x00000664       0x2c g:/arm_ide/gcc-arm-none-eabi-10-2020-q4-major/bin/../lib/gcc/arm-none-eabi/10.2.1/thumb/v6-m/nofp\libgcc.a(_fixunsdfsi.o)
 .ARM.attributes
                0x00000690       0x2c g:/arm_ide/gcc-arm-none-eabi-10-2020-q4-major/bin/../lib/gcc/arm-none-eabi/10.2.1/thumb/v6-m/nofp\libgcc.a(_udivmoddi4.o)
 .ARM.attributes
                0x000006bc       0x2c g:/arm_ide/gcc-arm-none-eabi-10-2020-q4-major/bin/../lib/gcc/arm-none-eabi/10.2.1/thumb/v6-m/nofp\libgcc.a(mulsf3.o)
 .ARM.attributes
                0x000006e8       0x2c g:/arm_ide/gcc-arm-none-eabi-10-2020-q4-major/bin/../lib/gcc/arm-none-eabi/10.2.1/thumb/v6-m/nofp\libgcc.a(floatunsisf.o)
 .ARM.attributes
                0x00000714       0x2c g:/arm_ide/gcc-arm-none-eabi-10-2020-q4-major/bin/../lib/gcc/arm-none-eabi/10.2.1/thumb/v6-m/nofp\libgcc.a(divdf3.o)
 .ARM.attributes
                0x00000740       0x2c g:/arm_ide/gcc-arm-none-eabi-10-2020-q4-major/bin/../lib/gcc/arm-none-eabi/10.2.1/thumb/v6-m/nofp\libgcc.a(eqdf2.o)
 .ARM.attributes
                0x0000076c       0x2c g:/arm_ide/gcc-arm-none-eabi-10-2020-q4-major/bin/../lib/gcc/arm-none-eabi/10.2.1/thumb/v6-m/nofp\libgcc.a(gedf2.o)
 .ARM.attributes
                0x00000798       0x2c g:/arm_ide/gcc-arm-none-eabi-10-2020-q4-major/bin/../lib/gcc/arm-none-eabi/10.2.1/thumb/v6-m/nofp\libgcc.a(ledf2.o)
 .ARM.attributes
                0x000007c4       0x2c g:/arm_ide/gcc-arm-none-eabi-10-2020-q4-major/bin/../lib/gcc/arm-none-eabi/10.2.1/thumb/v6-m/nofp\libgcc.a(muldf3.o)
 .ARM.attributes
                0x000007f0       0x2c g:/arm_ide/gcc-arm-none-eabi-10-2020-q4-major/bin/../lib/gcc/arm-none-eabi/10.2.1/thumb/v6-m/nofp\libgcc.a(subdf3.o)
 .ARM.attributes
                0x0000081c       0x2c g:/arm_ide/gcc-arm-none-eabi-10-2020-q4-major/bin/../lib/gcc/arm-none-eabi/10.2.1/thumb/v6-m/nofp\libgcc.a(fixdfsi.o)
 .ARM.attributes
                0x00000848       0x2c g:/arm_ide/gcc-arm-none-eabi-10-2020-q4-major/bin/../lib/gcc/arm-none-eabi/10.2.1/thumb/v6-m/nofp\libgcc.a(floatunsidf.o)
 .ARM.attributes
                0x00000874       0x2c g:/arm_ide/gcc-arm-none-eabi-10-2020-q4-major/bin/../lib/gcc/arm-none-eabi/10.2.1/thumb/v6-m/nofp\libgcc.a(extendsfdf2.o)
 .ARM.attributes
                0x000008a0       0x2c g:/arm_ide/gcc-arm-none-eabi-10-2020-q4-major/bin/../lib/gcc/arm-none-eabi/10.2.1/thumb/v6-m/nofp\libgcc.a(truncdfsf2.o)
 .ARM.attributes
                0x000008cc       0x1e g:/arm_ide/gcc-arm-none-eabi-10-2020-q4-major/bin/../lib/gcc/arm-none-eabi/10.2.1/thumb/v6-m/nofp\libgcc.a(_clzsi2.o)
 .ARM.attributes
                0x000008ea       0x1e g:/arm_ide/gcc-arm-none-eabi-10-2020-q4-major/bin/../lib/gcc/arm-none-eabi/10.2.1/thumb/v6-m/nofp\libgcc.a(_clzdi2.o)
 .ARM.attributes
                0x00000908       0x2c g:/arm_ide/gcc-arm-none-eabi-10-2020-q4-major/bin/../lib/gcc/arm-none-eabi/10.2.1/../../../../arm-none-eabi/lib/thumb/v6-m/nofp\libg.a(lib_a-errno.o)
 .ARM.attributes
                0x00000934       0x2c g:/arm_ide/gcc-arm-none-eabi-10-2020-q4-major/bin/../lib/gcc/arm-none-eabi/10.2.1/../../../../arm-none-eabi/lib/thumb/v6-m/nofp\libg.a(lib_a-impure.o)
 .ARM.attributes
                0x00000960       0x2c g:/arm_ide/gcc-arm-none-eabi-10-2020-q4-major/bin/../lib/gcc/arm-none-eabi/10.2.1/../../../../arm-none-eabi/lib/thumb/v6-m/nofp\libg.a(lib_a-init.o)
 .ARM.attributes
                0x0000098c       0x2c g:/arm_ide/gcc-arm-none-eabi-10-2020-q4-major/bin/../lib/gcc/arm-none-eabi/10.2.1/../../../../arm-none-eabi/lib/thumb/v6-m/nofp\libg.a(lib_a-memcpy-stub.o)
 .ARM.attributes
                0x000009b8       0x2c g:/arm_ide/gcc-arm-none-eabi-10-2020-q4-major/bin/../lib/gcc/arm-none-eabi/10.2.1/../../../../arm-none-eabi/lib/thumb/v6-m/nofp\libg.a(lib_a-memset.o)
 .ARM.attributes
                0x000009e4       0x2c g:/arm_ide/gcc-arm-none-eabi-10-2020-q4-major/bin/../lib/gcc/arm-none-eabi/10.2.1/../../../../arm-none-eabi/lib/thumb/v6-m/nofp\libg.a(lib_a-sprintf.o)
 .ARM.attributes
                0x00000a10       0x2c g:/arm_ide/gcc-arm-none-eabi-10-2020-q4-major/bin/../lib/gcc/arm-none-eabi/10.2.1/../../../../arm-none-eabi/lib/thumb/v6-m/nofp\libg.a(lib_a-svfprintf.o)
 .ARM.attributes
                0x00000a3c       0x2c g:/arm_ide/gcc-arm-none-eabi-10-2020-q4-major/bin/../lib/gcc/arm-none-eabi/10.2.1/../../../../arm-none-eabi/lib/thumb/v6-m/nofp\libg.a(lib_a-__call_atexit.o)
 .ARM.attributes
                0x00000a68       0x2c g:/arm_ide/gcc-arm-none-eabi-10-2020-q4-major/bin/../lib/gcc/arm-none-eabi/10.2.1/../../../../arm-none-eabi/lib/thumb/v6-m/nofp\libg.a(lib_a-atexit.o)
 .ARM.attributes
                0x00000a94       0x2c g:/arm_ide/gcc-arm-none-eabi-10-2020-q4-major/bin/../lib/gcc/arm-none-eabi/10.2.1/../../../../arm-none-eabi/lib/thumb/v6-m/nofp\libg.a(lib_a-dtoa.o)
 .ARM.attributes
                0x00000ac0       0x2c g:/arm_ide/gcc-arm-none-eabi-10-2020-q4-major/bin/../lib/gcc/arm-none-eabi/10.2.1/../../../../arm-none-eabi/lib/thumb/v6-m/nofp\libg.a(lib_a-fini.o)
 .ARM.attributes